2026-07-16 03:05:43.967: [INFO] OnDoneLoading sync enabled: 0
2026-07-16 03:15:17.471: [INFO] OnDoneLoading sync enabled: 0
2026-07-16 03:59:24.593: [INFO] OnDoneLoading sync enabled: 0
2026-07-16 04:06:36.051: [INFO] OnDoneLoading sync enabled: 0
2026-07-18 02:59:10.189: [INFO] OnDoneLoading sync enabled: 0
2026-07-18 03:27:11.701: [INFO] OnDoneLoading sync enabled: 0
2026-07-25 03:01:35.572: [INFO] OnDoneLoading sync enabled: 0
2026-07-25 03:08:01.918: [INFO] OnDoneLoading sync enabled: 0
2026-07-28 02:51:37.964: [INFO] OnDoneLoading sync enabled: 0
2026-07-28 02:56:50.509: [INFO] OnDoneLoading sync enabled: 0
2026-07-28 02:56:59.367: [INFO] OnDoneLoading sync enabled: 0
2026-07-28 02:57:34.435: [INFO] OnDoneLoading sync enabled: 0
2026-07-28 02:59:14.811: [INFO] OnDoneLoading sync enabled: 0
2026-07-30 02:58:29.292: [INFO] OnDoneLoading sync enabled: 0
2026-07-30 03:09:32.090: [INFO] OnDoneLoading sync enabled: 0
2026-07-30 04:09:27.555: [INFO] OnDoneLoading sync enabled: 0
2026-07-30 04:10:12.692: [INFO] OnDoneLoading sync enabled: 0
2026-07-30 04:10:41.730: [INFO] OnDoneLoading sync enabled: 0
2026-07-30 04:11:04.711: [INFO] OnDoneLoading sync enabled: 0
2026-08-03 03:13:46.908: [INFO] OnDoneLoading sync enabled: 0
2026-08-08 03:02:25.314: [INFO] CurrentProfilePath: D:\Chintan_wok\14july_2026_java\.metadata\.plugins\org.eclipse.swt\EBWebView\Default
2026-08-08 03:02:25.314: [INFO] Profiles total count: 1
2026-08-08 03:02:25.315: [INFO] Profile: name=Profile 1 path=D:\Chintan_wok\14july_2026_java\.metadata\.plugins\org.eclipse.swt\EBWebView\Default lastActive=2026-07-28T03:00:44.497Z
2026-08-08 03:02:25.315: [INFO] LastUsedProfileDir: D:\Chintan_wok\14july_2026_java\.metadata\.plugins\org.eclipse.swt\EBWebView\Default
2026-08-08 03:02:25.315: [INFO] MostRecentlyActiveProfile: name=Profile 1 path=D:\Chintan_wok\14july_2026_java\.metadata\.plugins\org.eclipse.swt\EBWebView\Default lastActive=2026-07-28T03:00:44.497Z
2026-08-08 03:02:25.315: [INFO] OnDoneLoading sync enabled: 0
2026-08-08 03:02:25.315: [INFO] BookmarkModelLoaded, ids_reassigned: 0
2026-08-08 03:02:25.315: [INFO] BookmarksLoadDropped droppedNodes=0
2026-08-08 03:02:25.315: [INFO] BookmarksSnapshot Startup total=0 bar=0 other=0 mobile=0 showBar=0 showBarNTP=1
2026-08-08 03:02:30.314: [INFO] BookmarksSnapshot Shutdown total=0 bar=0 other=0 mobile=0 showBar=0 showBarNTP=1
2026-08-08 03:06:46.188: [INFO] CurrentProfilePath: D:\Chintan_wok\14july_2026_java\.metadata\.plugins\org.eclipse.swt\EBWebView\Default
2026-08-08 03:06:46.188: [INFO] Profiles total count: 1
2026-08-08 03:06:46.188: [INFO] Profile: name=Profile 1 path=D:\Chintan_wok\14july_2026_java\.metadata\.plugins\org.eclipse.swt\EBWebView\Default lastActive=2026-07-28T03:00:44.497Z
2026-08-08 03:06:46.188: [INFO] LastUsedProfileDir: D:\Chintan_wok\14july_2026_java\.metadata\.plugins\org.eclipse.swt\EBWebView\Default
2026-08-08 03:06:46.188: [INFO] MostRecentlyActiveProfile: name=Profile 1 path=D:\Chintan_wok\14july_2026_java\.metadata\.plugins\org.eclipse.swt\EBWebView\Default lastActive=2026-07-28T03:00:44.497Z
2026-08-08 03:06:46.188: [INFO] OnDoneLoading sync enabled: 0
2026-08-08 03:06:46.188: [INFO] BookmarkModelLoaded, ids_reassigned: 0
2026-08-08 03:06:46.188: [INFO] BookmarksLoadDropped droppedNodes=0
2026-08-08 03:06:46.188: [INFO] BookmarksSnapshot Startup total=0 bar=0 other=0 mobile=0 showBar=0 showBarNTP=1
2026-08-08 03:07:03.661: [INFO] BookmarksSnapshot Shutdown total=0 bar=0 other=0 mobile=0 showBar=0 showBarNTP=1
2026-08-08 03:11:22.758: [INFO] CurrentProfilePath: D:\Chintan_wok\14july_2026_java\.metadata\.plugins\org.eclipse.swt\EBWebView\Default
2026-08-08 03:11:22.758: [INFO] Profiles total count: 1
2026-08-08 03:11:22.758: [INFO] Profile: name=Profile 1 path=D:\Chintan_wok\14july_2026_java\.metadata\.plugins\org.eclipse.swt\EBWebView\Default lastActive=2026-07-28T03:00:44.497Z
2026-08-08 03:11:22.758: [INFO] LastUsedProfileDir: D:\Chintan_wok\14july_2026_java\.metadata\.plugins\org.eclipse.swt\EBWebView\Default
2026-08-08 03:11:22.759: [INFO] MostRecentlyActiveProfile: name=Profile 1 path=D:\Chintan_wok\14july_2026_java\.metadata\.plugins\org.eclipse.swt\EBWebView\Default lastActive=2026-07-28T03:00:44.497Z
2026-08-08 03:11:22.759: [INFO] OnDoneLoading sync enabled: 0
2026-08-08 03:11:22.759: [INFO] BookmarkModelLoaded, ids_reassigned: 0
2026-08-08 03:11:22.759: [INFO] BookmarksLoadDropped droppedNodes=0
2026-08-08 03:11:22.759: [INFO] BookmarksSnapshot Startup total=0 bar=0 other=0 mobile=0 showBar=0 showBarNTP=1
2026-08-08 03:11:22.969: [INFO] BookmarksSnapshot Shutdown total=0 bar=0 other=0 mobile=0 showBar=0 showBarNTP=1
2026-08-08 03:12:15.026: [INFO] CurrentProfilePath: D:\Chintan_wok\14july_2026_java\.metadata\.plugins\org.eclipse.swt\EBWebView\Default
2026-08-08 03:12:15.026: [INFO] Profiles total count: 1
2026-08-08 03:12:15.027: [INFO] Profile: name=Profile 1 path=D:\Chintan_wok\14july_2026_java\.metadata\.plugins\org.eclipse.swt\EBWebView\Default lastActive=2026-07-28T03:00:44.497Z
2026-08-08 03:12:15.027: [INFO] LastUsedProfileDir: D:\Chintan_wok\14july_2026_java\.metadata\.plugins\org.eclipse.swt\EBWebView\Default
2026-08-08 03:12:15.027: [INFO] MostRecentlyActiveProfile: name=Profile 1 path=D:\Chintan_wok\14july_2026_java\.metadata\.plugins\org.eclipse.swt\EBWebView\Default lastActive=2026-07-28T03:00:44.497Z
2026-08-08 03:12:15.027: [INFO] OnDoneLoading sync enabled: 0
2026-08-08 03:12:15.027: [INFO] BookmarkModelLoaded, ids_reassigned: 0
2026-08-08 03:12:15.027: [INFO] BookmarksLoadDropped droppedNodes=0
2026-08-08 03:12:15.027: [INFO] BookmarksSnapshot Startup total=0 bar=0 other=0 mobile=0 showBar=0 showBarNTP=1
2026-08-08 03:51:24.894: [INFO] BookmarksSnapshot Shutdown total=0 bar=0 other=0 mobile=0 showBar=0 showBarNTP=1
2026-08-11 03:14:44.566: [INFO] CurrentProfilePath: D:\Chintan_wok\14july_2026_java\.metadata\.plugins\org.eclipse.swt\EBWebView\Default
2026-08-11 03:14:44.566: [INFO] Profiles total count: 1
2026-08-11 03:14:44.566: [INFO] Profile: name=Profile 1 path=D:\Chintan_wok\14july_2026_java\.metadata\.plugins\org.eclipse.swt\EBWebView\Default lastActive=2026-07-28T03:00:44.497Z
2026-08-11 03:14:44.566: [INFO] LastUsedProfileDir: D:\Chintan_wok\14july_2026_java\.metadata\.plugins\org.eclipse.swt\EBWebView\Default
2026-08-11 03:14:44.567: [INFO] MostRecentlyActiveProfile: name=Profile 1 path=D:\Chintan_wok\14july_2026_java\.metadata\.plugins\org.eclipse.swt\EBWebView\Default lastActive=2026-07-28T03:00:44.497Z
2026-08-11 03:14:44.567: [INFO] OnDoneLoading sync enabled: 0
2026-08-11 03:14:44.567: [INFO] BookmarkModelLoaded, ids_reassigned: 0
2026-08-11 03:14:44.567: [INFO] BookmarksLoadDropped droppedNodes=0
2026-08-11 03:14:44.567: [INFO] BookmarksSnapshot Startup total=0 bar=0 other=0 mobile=0 showBar=0 showBarNTP=1
2026-08-11 03:17:28.638: [INFO] BookmarksSnapshot Shutdown total=0 bar=0 other=0 mobile=0 showBar=0 showBarNTP=1
2026-08-11 03:20:20.954: [INFO] CurrentProfilePath: D:\Chintan_wok\14july_2026_java\.metadata\.plugins\org.eclipse.swt\EBWebView\Default
2026-08-11 03:20:20.954: [INFO] Profiles total count: 1
2026-08-11 03:20:20.955: [INFO] Profile: name=Profile 1 path=D:\Chintan_wok\14july_2026_java\.metadata\.plugins\org.eclipse.swt\EBWebView\Default lastActive=2026-07-28T03:00:44.497Z
2026-08-11 03:20:20.955: [INFO] LastUsedProfileDir: D:\Chintan_wok\14july_2026_java\.metadata\.plugins\org.eclipse.swt\EBWebView\Default
2026-08-11 03:20:20.955: [INFO] MostRecentlyActiveProfile: name=Profile 1 path=D:\Chintan_wok\14july_2026_java\.metadata\.plugins\org.eclipse.swt\EBWebView\Default lastActive=2026-07-28T03:00:44.497Z
2026-08-11 03:20:20.955: [INFO] OnDoneLoading sync enabled: 0
2026-08-11 03:20:20.955: [INFO] BookmarkModelLoaded, ids_reassigned: 0
2026-08-11 03:20:20.955: [INFO] BookmarksLoadDropped droppedNodes=0
2026-08-11 03:20:20.955: [INFO] BookmarksSnapshot Startup total=0 bar=0 other=0 mobile=0 showBar=0 showBarNTP=1
2026-08-11 03:20:21.239: [INFO] BookmarksSnapshot Shutdown total=0 bar=0 other=0 mobile=0 showBar=0 showBarNTP=1
2026-08-11 03:20:29.959: [INFO] CurrentProfilePath: D:\Chintan_wok\14july_2026_java\.metadata\.plugins\org.eclipse.swt\EBWebView\Default
2026-08-11 03:20:29.959: [INFO] Profiles total count: 1
2026-08-11 03:20:29.959: [INFO] Profile: name=Profile 1 path=D:\Chintan_wok\14july_2026_java\.metadata\.plugins\org.eclipse.swt\EBWebView\Default lastActive=2026-07-28T03:00:44.497Z
2026-08-11 03:20:29.959: [INFO] LastUsedProfileDir: D:\Chintan_wok\14july_2026_java\.metadata\.plugins\org.eclipse.swt\EBWebView\Default
2026-08-11 03:20:29.959: [INFO] MostRecentlyActiveProfile: name=Profile 1 path=D:\Chintan_wok\14july_2026_java\.metadata\.plugins\org.eclipse.swt\EBWebView\Default lastActive=2026-07-28T03:00:44.497Z
2026-08-11 03:20:29.959: [INFO] OnDoneLoading sync enabled: 0
2026-08-11 03:20:29.959: [INFO] BookmarkModelLoaded, ids_reassigned: 0
2026-08-11 03:20:29.959: [INFO] BookmarksLoadDropped droppedNodes=0
2026-08-11 03:20:29.959: [INFO] BookmarksSnapshot Startup total=0 bar=0 other=0 mobile=0 showBar=0 showBarNTP=1
2026-08-13 03:47:08.319: [INFO] CurrentProfilePath: D:\Chintan_wok\14july_2026_java\.metadata\.plugins\org.eclipse.swt\EBWebView\Default
2026-08-13 03:47:08.319: [INFO] Profiles total count: 1
2026-08-13 03:47:08.320: [INFO] Profile: name=Profile 1 path=D:\Chintan_wok\14july_2026_java\.metadata\.plugins\org.eclipse.swt\EBWebView\Default lastActive=2026-07-28T03:00:44.497Z
2026-08-13 03:47:08.320: [INFO] LastUsedProfileDir: D:\Chintan_wok\14july_2026_java\.metadata\.plugins\org.eclipse.swt\EBWebView\Default
2026-08-13 03:47:08.320: [INFO] MostRecentlyActiveProfile: name=Profile 1 path=D:\Chintan_wok\14july_2026_java\.metadata\.plugins\org.eclipse.swt\EBWebView\Default lastActive=2026-07-28T03:00:44.497Z
2026-08-13 03:47:08.320: [INFO] OnDoneLoading sync enabled: 0
2026-08-13 03:47:08.320: [INFO] BookmarkModelLoaded, ids_reassigned: 0
2026-08-13 03:47:08.320: [INFO] BookmarksLoadDropped droppedNodes=0
2026-08-13 03:47:08.320: [INFO] BookmarksSnapshot Startup total=0 bar=0 other=0 mobile=0 showBar=0 showBarNTP=1
2026-08-13 03:52:15.492: [INFO] BookmarksSnapshot Shutdown total=0 bar=0 other=0 mobile=0 showBar=0 showBarNTP=1
2026-08-13 04:43:47.637: [INFO] CurrentProfilePath: D:\Chintan_wok\14july_2026_java\.metadata\.plugins\org.eclipse.swt\EBWebView\Default
2026-08-13 04:43:47.637: [INFO] Profiles total count: 1
2026-08-13 04:43:47.637: [INFO] Profile: name=Profile 1 path=D:\Chintan_wok\14july_2026_java\.metadata\.plugins\org.eclipse.swt\EBWebView\Default lastActive=2026-07-28T03:00:44.497Z
2026-08-13 04:43:47.637: [INFO] LastUsedProfileDir: D:\Chintan_wok\14july_2026_java\.metadata\.plugins\org.eclipse.swt\EBWebView\Default
2026-08-13 04:43:47.637: [INFO] MostRecentlyActiveProfile: name=Profile 1 path=D:\Chintan_wok\14july_2026_java\.metadata\.plugins\org.eclipse.swt\EBWebView\Default lastActive=2026-07-28T03:00:44.497Z
2026-08-13 04:43:47.637: [INFO] OnDoneLoading sync enabled: 0
2026-08-13 04:43:47.637: [INFO] BookmarkModelLoaded, ids_reassigned: 0
2026-08-13 04:43:47.637: [INFO] BookmarksLoadDropped droppedNodes=0
2026-08-13 04:43:47.637: [INFO] BookmarksSnapshot Startup total=0 bar=0 other=0 mobile=0 showBar=0 showBarNTP=1
2026-08-13 04:46:36.630: [INFO] BookmarksSnapshot Shutdown total=0 bar=0 other=0 mobile=0 showBar=0 showBarNTP=1
2026-08-13 04:47:09.577: [INFO] CurrentProfilePath: D:\Chintan_wok\14july_2026_java\.metadata\.plugins\org.eclipse.swt\EBWebView\Default
2026-08-13 04:47:09.577: [INFO] Profiles total count: 1
2026-08-13 04:47:09.578: [INFO] Profile: name=Profile 1 path=D:\Chintan_wok\14july_2026_java\.metadata\.plugins\org.eclipse.swt\EBWebView\Default lastActive=2026-07-28T03:00:44.497Z
2026-08-13 04:47:09.578: [INFO] LastUsedProfileDir: D:\Chintan_wok\14july_2026_java\.metadata\.plugins\org.eclipse.swt\EBWebView\Default
2026-08-13 04:47:09.578: [INFO] MostRecentlyActiveProfile: name=Profile 1 path=D:\Chintan_wok\14july_2026_java\.metadata\.plugins\org.eclipse.swt\EBWebView\Default lastActive=2026-07-28T03:00:44.497Z
2026-08-13 04:47:09.578: [INFO] OnDoneLoading sync enabled: 0
2026-08-13 04:47:09.578: [INFO] BookmarkModelLoaded, ids_reassigned: 0
2026-08-13 04:47:09.578: [INFO] BookmarksLoadDropped droppedNodes=0
2026-08-13 04:47:09.578: [INFO] BookmarksSnapshot Startup total=0 bar=0 other=0 mobile=0 showBar=0 showBarNTP=1
2026-08-13 04:48:31.345: [INFO] BookmarksSnapshot Shutdown total=0 bar=0 other=0 mobile=0 showBar=0 showBarNTP=1
2026-08-13 04:49:29.276: [INFO] CurrentProfilePath: D:\Chintan_wok\14july_2026_java\.metadata\.plugins\org.eclipse.swt\EBWebView\Default
2026-08-13 04:49:29.276: [INFO] Profiles total count: 1
2026-08-13 04:49:29.276: [INFO] Profile: name=Profile 1 path=D:\Chintan_wok\14july_2026_java\.metadata\.plugins\org.eclipse.swt\EBWebView\Default lastActive=2026-07-28T03:00:44.497Z
2026-08-13 04:49:29.276: [INFO] LastUsedProfileDir: D:\Chintan_wok\14july_2026_java\.metadata\.plugins\org.eclipse.swt\EBWebView\Default
2026-08-13 04:49:29.276: [INFO] MostRecentlyActiveProfile: name=Profile 1 path=D:\Chintan_wok\14july_2026_java\.metadata\.plugins\org.eclipse.swt\EBWebView\Default lastActive=2026-07-28T03:00:44.497Z
2026-08-13 04:49:29.276: [INFO] OnDoneLoading sync enabled: 0
2026-08-13 04:49:29.276: [INFO] BookmarkModelLoaded, ids_reassigned: 0
2026-08-13 04:49:29.276: [INFO] BookmarksLoadDropped droppedNodes=0
2026-08-13 04:49:29.276: [INFO] BookmarksSnapshot Startup total=0 bar=0 other=0 mobile=0 showBar=0 showBarNTP=1
2026-08-13 04:49:43.448: [INFO] BookmarksSnapshot Shutdown total=0 bar=0 other=0 mobile=0 showBar=0 showBarNTP=1
2026-08-13 04:49:45.555: [INFO] CurrentProfilePath: D:\Chintan_wok\14july_2026_java\.metadata\.plugins\org.eclipse.swt\EBWebView\Default
2026-08-13 04:49:45.555: [INFO] Profiles total count: 1
2026-08-13 04:49:45.556: [INFO] Profile: name=Profile 1 path=D:\Chintan_wok\14july_2026_java\.metadata\.plugins\org.eclipse.swt\EBWebView\Default lastActive=2026-07-28T03:00:44.497Z
2026-08-13 04:49:45.556: [INFO] LastUsedProfileDir: D:\Chintan_wok\14july_2026_java\.metadata\.plugins\org.eclipse.swt\EBWebView\Default
2026-08-13 04:49:45.556: [INFO] MostRecentlyActiveProfile: name=Profile 1 path=D:\Chintan_wok\14july_2026_java\.metadata\.plugins\org.eclipse.swt\EBWebView\Default lastActive=2026-07-28T03:00:44.497Z
2026-08-13 04:49:45.556: [INFO] OnDoneLoading sync enabled: 0
2026-08-13 04:49:45.556: [INFO] BookmarkModelLoaded, ids_reassigned: 0
2026-08-13 04:49:45.556: [INFO] BookmarksLoadDropped droppedNodes=0
2026-08-13 04:49:45.556: [INFO] BookmarksSnapshot Startup total=0 bar=0 other=0 mobile=0 showBar=0 showBarNTP=1
2026-08-13 04:49:48.718: [INFO] BookmarksSnapshot Shutdown total=0 bar=0 other=0 mobile=0 showBar=0 showBarNTP=1
2026-08-13 04:49:55.825: [INFO] CurrentProfilePath: D:\Chintan_wok\14july_2026_java\.metadata\.plugins\org.eclipse.swt\EBWebView\Default
2026-08-13 04:49:55.825: [INFO] Profiles total count: 1
2026-08-13 04:49:55.826: [INFO] Profile: name=Profile 1 path=D:\Chintan_wok\14july_2026_java\.metadata\.plugins\org.eclipse.swt\EBWebView\Default lastActive=2026-07-28T03:00:44.497Z
2026-08-13 04:49:55.826: [INFO] LastUsedProfileDir: D:\Chintan_wok\14july_2026_java\.metadata\.plugins\org.eclipse.swt\EBWebView\Default
2026-08-13 04:49:55.826: [INFO] MostRecentlyActiveProfile: name=Profile 1 path=D:\Chintan_wok\14july_2026_java\.metadata\.plugins\org.eclipse.swt\EBWebView\Default lastActive=2026-07-28T03:00:44.497Z
2026-08-13 04:49:55.826: [INFO] OnDoneLoading sync enabled: 0
2026-08-13 04:49:55.826: [INFO] BookmarkModelLoaded, ids_reassigned: 0
2026-08-13 04:49:55.826: [INFO] BookmarksLoadDropped droppedNodes=0
2026-08-13 04:49:55.826: [INFO] BookmarksSnapshot Startup total=0 bar=0 other=0 mobile=0 showBar=0 showBarNTP=1
2026-08-13 04:50:00.226: [INFO] BookmarksSnapshot Shutdown total=0 bar=0 other=0 mobile=0 showBar=0 showBarNTP=1
2026-08-13 04:50:30.076: [INFO] CurrentProfilePath: D:\Chintan_wok\14july_2026_java\.metadata\.plugins\org.eclipse.swt\EBWebView\Default
2026-08-13 04:50:30.076: [INFO] Profiles total count: 1
2026-08-13 04:50:30.076: [INFO] Profile: name=Profile 1 path=D:\Chintan_wok\14july_2026_java\.metadata\.plugins\org.eclipse.swt\EBWebView\Default lastActive=2026-07-28T03:00:44.497Z
2026-08-13 04:50:30.076: [INFO] LastUsedProfileDir: D:\Chintan_wok\14july_2026_java\.metadata\.plugins\org.eclipse.swt\EBWebView\Default
2026-08-13 04:50:30.076: [INFO] MostRecentlyActiveProfile: name=Profile 1 path=D:\Chintan_wok\14july_2026_java\.metadata\.plugins\org.eclipse.swt\EBWebView\Default lastActive=2026-07-28T03:00:44.497Z
2026-08-13 04:50:30.076: [INFO] OnDoneLoading sync enabled: 0
2026-08-13 04:50:30.076: [INFO] BookmarkModelLoaded, ids_reassigned: 0
2026-08-13 04:50:30.076: [INFO] BookmarksLoadDropped droppedNodes=0
2026-08-13 04:50:30.076: [INFO] BookmarksSnapshot Startup total=0 bar=0 other=0 mobile=0 showBar=0 showBarNTP=1
2026-08-13 07:38:14.566: [INFO] BookmarksSnapshot Shutdown total=0 bar=0 other=0 mobile=0 showBar=0 showBarNTP=1
2026-08-18 03:05:41.289: [INFO] CurrentProfilePath: D:\Chintan_wok\14july_2026_java\.metadata\.plugins\org.eclipse.swt\EBWebView\Default
2026-08-18 03:05:41.289: [INFO] Profiles total count: 1
2026-08-18 03:05:41.292: [INFO] Profile: name=Profile 1 path=D:\Chintan_wok\14july_2026_java\.metadata\.plugins\org.eclipse.swt\EBWebView\Default lastActive=2026-07-28T03:00:44.497Z
2026-08-18 03:05:41.292: [INFO] LastUsedProfileDir: D:\Chintan_wok\14july_2026_java\.metadata\.plugins\org.eclipse.swt\EBWebView\Default
2026-08-18 03:05:41.292: [INFO] MostRecentlyActiveProfile: name=Profile 1 path=D:\Chintan_wok\14july_2026_java\.metadata\.plugins\org.eclipse.swt\EBWebView\Default lastActive=2026-07-28T03:00:44.497Z
2026-08-18 03:05:41.292: [INFO] OnDoneLoading sync enabled: 0
2026-08-18 03:05:41.292: [INFO] BookmarkModelLoaded, ids_reassigned: 0
2026-08-18 03:05:41.292: [INFO] BookmarksLoadDropped droppedNodes=0
2026-08-18 03:05:41.292: [INFO] BookmarksSnapshot Startup total=0 bar=0 other=0 mobile=0 showBar=0 showBarNTP=1
2026-08-18 03:07:27.448: [INFO] BookmarksSnapshot Shutdown total=0 bar=0 other=0 mobile=0 showBar=0 showBarNTP=1
2026-08-18 03:24:47.399: [INFO] CurrentProfilePath: D:\Chintan_wok\14july_2026_java\.metadata\.plugins\org.eclipse.swt\EBWebView\Default
2026-08-18 03:24:47.399: [INFO] Profiles total count: 1
2026-08-18 03:24:47.399: [INFO] Profile: name=Profile 1 path=D:\Chintan_wok\14july_2026_java\.metadata\.plugins\org.eclipse.swt\EBWebView\Default lastActive=2026-07-28T03:00:44.497Z
2026-08-18 03:24:47.399: [INFO] LastUsedProfileDir: D:\Chintan_wok\14july_2026_java\.metadata\.plugins\org.eclipse.swt\EBWebView\Default
2026-08-18 03:24:47.399: [INFO] MostRecentlyActiveProfile: name=Profile 1 path=D:\Chintan_wok\14july_2026_java\.metadata\.plugins\org.eclipse.swt\EBWebView\Default lastActive=2026-07-28T03:00:44.497Z
2026-08-18 03:24:47.399: [INFO] OnDoneLoading sync enabled: 0
2026-08-18 03:24:47.399: [INFO] BookmarkModelLoaded, ids_reassigned: 0
2026-08-18 03:24:47.399: [INFO] BookmarksLoadDropped droppedNodes=0
2026-08-18 03:24:47.399: [INFO] BookmarksSnapshot Startup total=0 bar=0 other=0 mobile=0 showBar=0 showBarNTP=1
2026-08-18 03:42:14.799: [INFO] BookmarksSnapshot Shutdown total=0 bar=0 other=0 mobile=0 showBar=0 showBarNTP=1
2026-08-18 03:47:36.568: [INFO] CurrentProfilePath: D:\Chintan_wok\14july_2026_java\.metadata\.plugins\org.eclipse.swt\EBWebView\Default
2026-08-18 03:47:36.568: [INFO] Profiles total count: 1
2026-08-18 03:47:36.568: [INFO] Profile: name=Profile 1 path=D:\Chintan_wok\14july_2026_java\.metadata\.plugins\org.eclipse.swt\EBWebView\Default lastActive=2026-07-28T03:00:44.497Z
2026-08-18 03:47:36.568: [INFO] LastUsedProfileDir: D:\Chintan_wok\14july_2026_java\.metadata\.plugins\org.eclipse.swt\EBWebView\Default
2026-08-18 03:47:36.569: [INFO] MostRecentlyActiveProfile: name=Profile 1 path=D:\Chintan_wok\14july_2026_java\.metadata\.plugins\org.eclipse.swt\EBWebView\Default lastActive=2026-07-28T03:00:44.497Z
2026-08-18 03:47:36.569: [INFO] OnDoneLoading sync enabled: 0
2026-08-18 03:47:36.569: [INFO] BookmarkModelLoaded, ids_reassigned: 0
2026-08-18 03:47:36.569: [INFO] BookmarksLoadDropped droppedNodes=0
2026-08-18 03:47:36.569: [INFO] BookmarksSnapshot Startup total=0 bar=0 other=0 mobile=0 showBar=0 showBarNTP=1
2026-08-18 03:49:10.832: [INFO] BookmarksSnapshot Shutdown total=0 bar=0 other=0 mobile=0 showBar=0 showBarNTP=1
2026-08-18 03:58:52.483: [INFO] CurrentProfilePath: D:\Chintan_wok\14july_2026_java\.metadata\.plugins\org.eclipse.swt\EBWebView\Default
2026-08-18 03:58:52.483: [INFO] Profiles total count: 1
2026-08-18 03:58:52.483: [INFO] Profile: name=Profile 1 path=D:\Chintan_wok\14july_2026_java\.metadata\.plugins\org.eclipse.swt\EBWebView\Default lastActive=2026-07-28T03:00:44.497Z
2026-08-18 03:58:52.483: [INFO] LastUsedProfileDir: D:\Chintan_wok\14july_2026_java\.metadata\.plugins\org.eclipse.swt\EBWebView\Default
2026-08-18 03:58:52.483: [INFO] MostRecentlyActiveProfile: name=Profile 1 path=D:\Chintan_wok\14july_2026_java\.metadata\.plugins\org.eclipse.swt\EBWebView\Default lastActive=2026-07-28T03:00:44.497Z
2026-08-18 03:58:52.484: [INFO] OnDoneLoading sync enabled: 0
2026-08-18 03:58:52.484: [INFO] BookmarkModelLoaded, ids_reassigned: 0
2026-08-18 03:58:52.484: [INFO] BookmarksLoadDropped droppedNodes=0
2026-08-18 03:58:52.484: [INFO] BookmarksSnapshot Startup total=0 bar=0 other=0 mobile=0 showBar=0 showBarNTP=1
2026-08-18 03:59:54.188: [INFO] BookmarksSnapshot Shutdown total=0 bar=0 other=0 mobile=0 showBar=0 showBarNTP=1
2026-08-18 04:01:14.512: [INFO] CurrentProfilePath: D:\Chintan_wok\14july_2026_java\.metadata\.plugins\org.eclipse.swt\EBWebView\Default
2026-08-18 04:01:14.512: [INFO] Profiles total count: 1
2026-08-18 04:01:14.512: [INFO] Profile: name=Profile 1 path=D:\Chintan_wok\14july_2026_java\.metadata\.plugins\org.eclipse.swt\EBWebView\Default lastActive=2026-07-28T03:00:44.497Z
2026-08-18 04:01:14.512: [INFO] LastUsedProfileDir: D:\Chintan_wok\14july_2026_java\.metadata\.plugins\org.eclipse.swt\EBWebView\Default
2026-08-18 04:01:14.512: [INFO] MostRecentlyActiveProfile: name=Profile 1 path=D:\Chintan_wok\14july_2026_java\.metadata\.plugins\org.eclipse.swt\EBWebView\Default lastActive=2026-07-28T03:00:44.497Z
2026-08-18 04:01:14.512: [INFO] OnDoneLoading sync enabled: 0
2026-08-18 04:01:14.512: [INFO] BookmarkModelLoaded, ids_reassigned: 0
2026-08-18 04:01:14.512: [INFO] BookmarksLoadDropped droppedNodes=0
2026-08-18 04:01:14.512: [INFO] BookmarksSnapshot Startup total=0 bar=0 other=0 mobile=0 showBar=0 showBarNTP=1
2026-08-18 04:04:58.276: [INFO] BookmarksSnapshot Shutdown total=0 bar=0 other=0 mobile=0 showBar=0 showBarNTP=1
2026-08-19 09:56:01.039: [INFO] CurrentProfilePath: D:\Chintan_wok\14july_2026_java\.metadata\.plugins\org.eclipse.swt\EBWebView\Default
2026-08-19 09:56:01.039: [INFO] Profiles total count: 1
2026-08-19 09:56:01.039: [INFO] Profile: name=Profile 1 path=D:\Chintan_wok\14july_2026_java\.metadata\.plugins\org.eclipse.swt\EBWebView\Default lastActive=2026-07-28T03:00:44.497Z
2026-08-19 09:56:01.039: [INFO] LastUsedProfileDir: D:\Chintan_wok\14july_2026_java\.metadata\.plugins\org.eclipse.swt\EBWebView\Default
2026-08-19 09:56:01.039: [INFO] MostRecentlyActiveProfile: name=Profile 1 path=D:\Chintan_wok\14july_2026_java\.metadata\.plugins\org.eclipse.swt\EBWebView\Default lastActive=2026-07-28T03:00:44.497Z
2026-08-19 09:56:01.039: [INFO] OnDoneLoading sync enabled: 0
2026-08-19 09:56:01.039: [INFO] BookmarkModelLoaded, ids_reassigned: 0
2026-08-19 09:56:01.039: [INFO] BookmarksLoadDropped droppedNodes=0
2026-08-19 09:56:01.039: [INFO] BookmarksSnapshot Startup total=0 bar=0 other=0 mobile=0 showBar=0 showBarNTP=1
2026-08-19 09:56:03.468: [INFO] BookmarksSnapshot Shutdown total=0 bar=0 other=0 mobile=0 showBar=0 showBarNTP=1
2026-08-20 03:13:00.190: [INFO] CurrentProfilePath: D:\Chintan_wok\14july_2026_java\.metadata\.plugins\org.eclipse.swt\EBWebView\Default
2026-08-20 03:13:00.190: [INFO] Profiles total count: 1
2026-08-20 03:13:00.190: [INFO] Profile: name=Profile 1 path=D:\Chintan_wok\14july_2026_java\.metadata\.plugins\org.eclipse.swt\EBWebView\Default lastActive=2026-07-28T03:00:44.497Z
2026-08-20 03:13:00.190: [INFO] LastUsedProfileDir: D:\Chintan_wok\14july_2026_java\.metadata\.plugins\org.eclipse.swt\EBWebView\Default
2026-08-20 03:13:00.190: [INFO] MostRecentlyActiveProfile: name=Profile 1 path=D:\Chintan_wok\14july_2026_java\.metadata\.plugins\org.eclipse.swt\EBWebView\Default lastActive=2026-07-28T03:00:44.497Z
2026-08-20 03:13:00.190: [INFO] OnDoneLoading sync enabled: 0
2026-08-20 03:13:00.190: [INFO] BookmarkModelLoaded, ids_reassigned: 0
2026-08-20 03:13:00.190: [INFO] BookmarksLoadDropped droppedNodes=0
2026-08-20 03:13:00.190: [INFO] BookmarksSnapshot Startup total=0 bar=0 other=0 mobile=0 showBar=0 showBarNTP=1
2026-08-20 03:23:49.666: [INFO] BookmarksSnapshot Shutdown total=0 bar=0 other=0 mobile=0 showBar=0 showBarNTP=1
2026-08-20 03:25:34.217: [INFO] CurrentProfilePath: D:\Chintan_wok\14july_2026_java\.metadata\.plugins\org.eclipse.swt\EBWebView\Default
2026-08-20 03:25:34.217: [INFO] Profiles total count: 1
2026-08-20 03:25:34.217: [INFO] Profile: name=Profile 1 path=D:\Chintan_wok\14july_2026_java\.metadata\.plugins\org.eclipse.swt\EBWebView\Default lastActive=2026-07-28T03:00:44.497Z
2026-08-20 03:25:34.217: [INFO] LastUsedProfileDir: D:\Chintan_wok\14july_2026_java\.metadata\.plugins\org.eclipse.swt\EBWebView\Default
2026-08-20 03:25:34.217: [INFO] MostRecentlyActiveProfile: name=Profile 1 path=D:\Chintan_wok\14july_2026_java\.metadata\.plugins\org.eclipse.swt\EBWebView\Default lastActive=2026-07-28T03:00:44.497Z
2026-08-20 03:25:34.217: [INFO] OnDoneLoading sync enabled: 0
2026-08-20 03:25:34.217: [INFO] BookmarkModelLoaded, ids_reassigned: 0
2026-08-20 03:25:34.217: [INFO] BookmarksLoadDropped droppedNodes=0
2026-08-20 03:25:34.217: [INFO] BookmarksSnapshot Startup total=0 bar=0 other=0 mobile=0 showBar=0 showBarNTP=1
2026-08-20 03:34:06.875: [INFO] BookmarksSnapshot Shutdown total=0 bar=0 other=0 mobile=0 showBar=0 showBarNTP=1
2026-08-20 03:36:52.430: [INFO] CurrentProfilePath: D:\Chintan_wok\14july_2026_java\.metadata\.plugins\org.eclipse.swt\EBWebView\Default
2026-08-20 03:36:52.430: [INFO] Profiles total count: 1
2026-08-20 03:36:52.431: [INFO] Profile: name=Profile 1 path=D:\Chintan_wok\14july_2026_java\.metadata\.plugins\org.eclipse.swt\EBWebView\Default lastActive=2026-07-28T03:00:44.497Z
2026-08-20 03:36:52.431: [INFO] LastUsedProfileDir: D:\Chintan_wok\14july_2026_java\.metadata\.plugins\org.eclipse.swt\EBWebView\Default
2026-08-20 03:36:52.431: [INFO] MostRecentlyActiveProfile: name=Profile 1 path=D:\Chintan_wok\14july_2026_java\.metadata\.plugins\org.eclipse.swt\EBWebView\Default lastActive=2026-07-28T03:00:44.497Z
2026-08-20 03:36:52.431: [INFO] OnDoneLoading sync enabled: 0
2026-08-20 03:36:52.431: [INFO] BookmarkModelLoaded, ids_reassigned: 0
2026-08-20 03:36:52.431: [INFO] BookmarksLoadDropped droppedNodes=0
2026-08-20 03:36:52.431: [INFO] BookmarksSnapshot Startup total=0 bar=0 other=0 mobile=0 showBar=0 showBarNTP=1
2026-08-20 03:37:28.684: [INFO] BookmarksSnapshot Shutdown total=0 bar=0 other=0 mobile=0 showBar=0 showBarNTP=1
2026-08-20 03:37:49.721: [INFO] CurrentProfilePath: D:\Chintan_wok\14july_2026_java\.metadata\.plugins\org.eclipse.swt\EBWebView\Default
2026-08-20 03:37:49.721: [INFO] Profiles total count: 1
2026-08-20 03:37:49.721: [INFO] Profile: name=Profile 1 path=D:\Chintan_wok\14july_2026_java\.metadata\.plugins\org.eclipse.swt\EBWebView\Default lastActive=2026-07-28T03:00:44.497Z
2026-08-20 03:37:49.721: [INFO] LastUsedProfileDir: D:\Chintan_wok\14july_2026_java\.metadata\.plugins\org.eclipse.swt\EBWebView\Default
2026-08-20 03:37:49.721: [INFO] MostRecentlyActiveProfile: name=Profile 1 path=D:\Chintan_wok\14july_2026_java\.metadata\.plugins\org.eclipse.swt\EBWebView\Default lastActive=2026-07-28T03:00:44.497Z
2026-08-20 03:37:49.721: [INFO] OnDoneLoading sync enabled: 0
2026-08-20 03:37:49.721: [INFO] BookmarkModelLoaded, ids_reassigned: 0
2026-08-20 03:37:49.721: [INFO] BookmarksLoadDropped droppedNodes=0
2026-08-20 03:37:49.721: [INFO] BookmarksSnapshot Startup total=0 bar=0 other=0 mobile=0 showBar=0 showBarNTP=1
2026-08-20 03:39:48.552: [INFO] BookmarksSnapshot Shutdown total=0 bar=0 other=0 mobile=0 showBar=0 showBarNTP=1
2026-08-20 03:41:32.781: [INFO] CurrentProfilePath: D:\Chintan_wok\14july_2026_java\.metadata\.plugins\org.eclipse.swt\EBWebView\Default
2026-08-20 03:41:32.781: [INFO] Profiles total count: 1
2026-08-20 03:41:32.782: [INFO] Profile: name=Profile 1 path=D:\Chintan_wok\14july_2026_java\.metadata\.plugins\org.eclipse.swt\EBWebView\Default lastActive=2026-07-28T03:00:44.497Z
2026-08-20 03:41:32.782: [INFO] LastUsedProfileDir: D:\Chintan_wok\14july_2026_java\.metadata\.plugins\org.eclipse.swt\EBWebView\Default
2026-08-20 03:41:32.782: [INFO] MostRecentlyActiveProfile: name=Profile 1 path=D:\Chintan_wok\14july_2026_java\.metadata\.plugins\org.eclipse.swt\EBWebView\Default lastActive=2026-07-28T03:00:44.497Z
2026-08-20 03:41:32.782: [INFO] OnDoneLoading sync enabled: 0
2026-08-20 03:41:32.782: [INFO] BookmarkModelLoaded, ids_reassigned: 0
2026-08-20 03:41:32.782: [INFO] BookmarksLoadDropped droppedNodes=0
2026-08-20 03:41:32.782: [INFO] BookmarksSnapshot Startup total=0 bar=0 other=0 mobile=0 showBar=0 showBarNTP=1
2026-08-20 03:46:38.972: [INFO] BookmarksSnapshot Shutdown total=0 bar=0 other=0 mobile=0 showBar=0 showBarNTP=1
2026-08-20 03:47:06.493: [INFO] CurrentProfilePath: D:\Chintan_wok\14july_2026_java\.metadata\.plugins\org.eclipse.swt\EBWebView\Default
2026-08-20 03:47:06.493: [INFO] Profiles total count: 1
2026-08-20 03:47:06.493: [INFO] Profile: name=Profile 1 path=D:\Chintan_wok\14july_2026_java\.metadata\.plugins\org.eclipse.swt\EBWebView\Default lastActive=2026-07-28T03:00:44.497Z
2026-08-20 03:47:06.493: [INFO] LastUsedProfileDir: D:\Chintan_wok\14july_2026_java\.metadata\.plugins\org.eclipse.swt\EBWebView\Default
2026-08-20 03:47:06.493: [INFO] MostRecentlyActiveProfile: name=Profile 1 path=D:\Chintan_wok\14july_2026_java\.metadata\.plugins\org.eclipse.swt\EBWebView\Default lastActive=2026-07-28T03:00:44.497Z
2026-08-20 03:47:06.493: [INFO] OnDoneLoading sync enabled: 0
2026-08-20 03:47:06.493: [INFO] BookmarkModelLoaded, ids_reassigned: 0
2026-08-20 03:47:06.493: [INFO] BookmarksLoadDropped droppedNodes=0
2026-08-20 03:47:06.493: [INFO] BookmarksSnapshot Startup total=0 bar=0 other=0 mobile=0 showBar=0 showBarNTP=1
2026-08-20 03:47:12.849: [INFO] BookmarksSnapshot Shutdown total=0 bar=0 other=0 mobile=0 showBar=0 showBarNTP=1
2026-08-20 03:52:20.761: [INFO] CurrentProfilePath: D:\Chintan_wok\14july_2026_java\.metadata\.plugins\org.eclipse.swt\EBWebView\Default
2026-08-20 03:52:20.761: [INFO] Profiles total count: 1
2026-08-20 03:52:20.762: [INFO] Profile: name=Profile 1 path=D:\Chintan_wok\14july_2026_java\.metadata\.plugins\org.eclipse.swt\EBWebView\Default lastActive=2026-07-28T03:00:44.497Z
2026-08-20 03:52:20.762: [INFO] LastUsedProfileDir: D:\Chintan_wok\14july_2026_java\.metadata\.plugins\org.eclipse.swt\EBWebView\Default
2026-08-20 03:52:20.762: [INFO] MostRecentlyActiveProfile: name=Profile 1 path=D:\Chintan_wok\14july_2026_java\.metadata\.plugins\org.eclipse.swt\EBWebView\Default lastActive=2026-07-28T03:00:44.497Z
2026-08-20 03:52:20.762: [INFO] OnDoneLoading sync enabled: 0
2026-08-20 03:52:20.762: [INFO] BookmarkModelLoaded, ids_reassigned: 0
2026-08-20 03:52:20.762: [INFO] BookmarksLoadDropped droppedNodes=0
2026-08-20 03:52:20.762: [INFO] BookmarksSnapshot Startup total=0 bar=0 other=0 mobile=0 showBar=0 showBarNTP=1
2026-08-20 03:52:36.111: [INFO] BookmarksSnapshot Shutdown total=0 bar=0 other=0 mobile=0 showBar=0 showBarNTP=1
2026-08-20 04:13:15.574: [INFO] CurrentProfilePath: D:\Chintan_wok\14july_2026_java\.metadata\.plugins\org.eclipse.swt\EBWebView\Default
2026-08-20 04:13:15.574: [INFO] Profiles total count: 1
2026-08-20 04:13:15.575: [INFO] Profile: name=Profile 1 path=D:\Chintan_wok\14july_2026_java\.metadata\.plugins\org.eclipse.swt\EBWebView\Default lastActive=2026-07-28T03:00:44.497Z
2026-08-20 04:13:15.575: [INFO] LastUsedProfileDir: D:\Chintan_wok\14july_2026_java\.metadata\.plugins\org.eclipse.swt\EBWebView\Default
2026-08-20 04:13:15.575: [INFO] MostRecentlyActiveProfile: name=Profile 1 path=D:\Chintan_wok\14july_2026_java\.metadata\.plugins\org.eclipse.swt\EBWebView\Default lastActive=2026-07-28T03:00:44.497Z
2026-08-20 04:13:15.575: [INFO] OnDoneLoading sync enabled: 0
2026-08-20 04:13:15.575: [INFO] BookmarkModelLoaded, ids_reassigned: 0
2026-08-20 04:13:15.575: [INFO] BookmarksLoadDropped droppedNodes=0
2026-08-20 04:13:15.575: [INFO] BookmarksSnapshot Startup total=0 bar=0 other=0 mobile=0 showBar=0 showBarNTP=1
2026-08-20 04:13:39.834: [INFO] BookmarksSnapshot Shutdown total=0 bar=0 other=0 mobile=0 showBar=0 showBarNTP=1
2026-08-20 04:17:55.115: [INFO] CurrentProfilePath: D:\Chintan_wok\14july_2026_java\.metadata\.plugins\org.eclipse.swt\EBWebView\Default
2026-08-20 04:17:55.115: [INFO] Profiles total count: 1
2026-08-20 04:17:55.115: [INFO] Profile: name=Profile 1 path=D:\Chintan_wok\14july_2026_java\.metadata\.plugins\org.eclipse.swt\EBWebView\Default lastActive=2026-07-28T03:00:44.497Z
2026-08-20 04:17:55.115: [INFO] LastUsedProfileDir: D:\Chintan_wok\14july_2026_java\.metadata\.plugins\org.eclipse.swt\EBWebView\Default
2026-08-20 04:17:55.116: [INFO] MostRecentlyActiveProfile: name=Profile 1 path=D:\Chintan_wok\14july_2026_java\.metadata\.plugins\org.eclipse.swt\EBWebView\Default lastActive=2026-07-28T03:00:44.497Z
2026-08-20 04:17:55.116: [INFO] OnDoneLoading sync enabled: 0
2026-08-20 04:17:55.116: [INFO] BookmarkModelLoaded, ids_reassigned: 0
2026-08-20 04:17:55.116: [INFO] BookmarksLoadDropped droppedNodes=0
2026-08-20 04:17:55.116: [INFO] BookmarksSnapshot Startup total=0 bar=0 other=0 mobile=0 showBar=0 showBarNTP=1
2026-08-20 04:19:00.682: [INFO] BookmarksSnapshot Shutdown total=0 bar=0 other=0 mobile=0 showBar=0 showBarNTP=1
2026-08-21 08:51:53.545: [INFO] CurrentProfilePath: D:\Chintan_wok\14july_2026_java\.metadata\.plugins\org.eclipse.swt\EBWebView\Default
2026-08-21 08:51:53.545: [INFO] Profiles total count: 1
2026-08-21 08:51:53.546: [INFO] Profile: name=Profile 1 path=D:\Chintan_wok\14july_2026_java\.metadata\.plugins\org.eclipse.swt\EBWebView\Default lastActive=2026-07-28T03:00:44.497Z
2026-08-21 08:51:53.546: [INFO] LastUsedProfileDir: D:\Chintan_wok\14july_2026_java\.metadata\.plugins\org.eclipse.swt\EBWebView\Default
2026-08-21 08:51:53.546: [INFO] MostRecentlyActiveProfile: name=Profile 1 path=D:\Chintan_wok\14july_2026_java\.metadata\.plugins\org.eclipse.swt\EBWebView\Default lastActive=2026-07-28T03:00:44.497Z
2026-08-21 08:51:53.546: [INFO] OnDoneLoading sync enabled: 0
2026-08-21 08:51:53.546: [INFO] BookmarkModelLoaded, ids_reassigned: 0
2026-08-21 08:51:53.546: [INFO] BookmarksLoadDropped droppedNodes=0
2026-08-21 08:51:53.546: [INFO] BookmarksSnapshot Startup total=0 bar=0 other=0 mobile=0 showBar=0 showBarNTP=1
2026-08-21 08:51:58.003: [INFO] BookmarksSnapshot Shutdown total=0 bar=0 other=0 mobile=0 showBar=0 showBarNTP=1
2026-08-21 08:53:00.436: [INFO] CurrentProfilePath: D:\Chintan_wok\14july_2026_java\.metadata\.plugins\org.eclipse.swt\EBWebView\Default
2026-08-21 08:53:00.436: [INFO] Profiles total count: 1
2026-08-21 08:53:00.437: [INFO] Profile: name=Profile 1 path=D:\Chintan_wok\14july_2026_java\.metadata\.plugins\org.eclipse.swt\EBWebView\Default lastActive=2026-07-28T03:00:44.497Z
2026-08-21 08:53:00.437: [INFO] LastUsedProfileDir: D:\Chintan_wok\14july_2026_java\.metadata\.plugins\org.eclipse.swt\EBWebView\Default
2026-08-21 08:53:00.437: [INFO] MostRecentlyActiveProfile: name=Profile 1 path=D:\Chintan_wok\14july_2026_java\.metadata\.plugins\org.eclipse.swt\EBWebView\Default lastActive=2026-07-28T03:00:44.497Z
2026-08-21 08:53:00.437: [INFO] OnDoneLoading sync enabled: 0
2026-08-21 08:53:00.437: [INFO] BookmarkModelLoaded, ids_reassigned: 0
2026-08-21 08:53:00.437: [INFO] BookmarksLoadDropped droppedNodes=0
2026-08-21 08:53:00.437: [INFO] BookmarksSnapshot Startup total=0 bar=0 other=0 mobile=0 showBar=0 showBarNTP=1
2026-08-21 08:54:27.820: [INFO] BookmarksSnapshot Shutdown total=0 bar=0 other=0 mobile=0 showBar=0 showBarNTP=1
2026-08-21 09:28:55.160: [INFO] CurrentProfilePath: D:\Chintan_wok\14july_2026_java\.metadata\.plugins\org.eclipse.swt\EBWebView\Default
2026-08-21 09:28:55.160: [INFO] Profiles total count: 1
2026-08-21 09:28:55.161: [INFO] Profile: name=Profile 1 path=D:\Chintan_wok\14july_2026_java\.metadata\.plugins\org.eclipse.swt\EBWebView\Default lastActive=2026-07-28T03:00:44.497Z
2026-08-21 09:28:55.161: [INFO] LastUsedProfileDir: D:\Chintan_wok\14july_2026_java\.metadata\.plugins\org.eclipse.swt\EBWebView\Default
2026-08-21 09:28:55.161: [INFO] MostRecentlyActiveProfile: name=Profile 1 path=D:\Chintan_wok\14july_2026_java\.metadata\.plugins\org.eclipse.swt\EBWebView\Default lastActive=2026-07-28T03:00:44.497Z
2026-08-21 09:28:55.161: [INFO] OnDoneLoading sync enabled: 0
2026-08-21 09:28:55.161: [INFO] BookmarkModelLoaded, ids_reassigned: 0
2026-08-21 09:28:55.161: [INFO] BookmarksLoadDropped droppedNodes=0
2026-08-21 09:28:55.161: [INFO] BookmarksSnapshot Startup total=0 bar=0 other=0 mobile=0 showBar=0 showBarNTP=1
2026-08-21 09:28:56.494: [INFO] BookmarksSnapshot Shutdown total=0 bar=0 other=0 mobile=0 showBar=0 showBarNTP=1
2026-08-21 09:33:00.863: [INFO] CurrentProfilePath: D:\Chintan_wok\14july_2026_java\.metadata\.plugins\org.eclipse.swt\EBWebView\Default
2026-08-21 09:33:00.863: [INFO] Profiles total count: 1
2026-08-21 09:33:00.863: [INFO] Profile: name=Profile 1 path=D:\Chintan_wok\14july_2026_java\.metadata\.plugins\org.eclipse.swt\EBWebView\Default lastActive=2026-07-28T03:00:44.497Z
2026-08-21 09:33:00.863: [INFO] LastUsedProfileDir: D:\Chintan_wok\14july_2026_java\.metadata\.plugins\org.eclipse.swt\EBWebView\Default
2026-08-21 09:33:00.863: [INFO] MostRecentlyActiveProfile: name=Profile 1 path=D:\Chintan_wok\14july_2026_java\.metadata\.plugins\org.eclipse.swt\EBWebView\Default lastActive=2026-07-28T03:00:44.497Z
2026-08-21 09:33:00.863: [INFO] OnDoneLoading sync enabled: 0
2026-08-21 09:33:00.863: [INFO] BookmarkModelLoaded, ids_reassigned: 0
2026-08-21 09:33:00.863: [INFO] BookmarksLoadDropped droppedNodes=0
2026-08-21 09:33:00.863: [INFO] BookmarksSnapshot Startup total=0 bar=0 other=0 mobile=0 showBar=0 showBarNTP=1
2026-08-21 10:36:42.405: [INFO] BookmarksSnapshot Shutdown total=0 bar=0 other=0 mobile=0 showBar=0 showBarNTP=1
2026-08-26 08:40:19.537: [INFO] CurrentProfilePath: D:\Chintan_wok\14july_2026_java\.metadata\.plugins\org.eclipse.swt\EBWebView\Default
2026-08-26 08:40:19.537: [INFO] Profiles total count: 1
2026-08-26 08:40:19.541: [INFO] Profile: name=Profile 1 path=D:\Chintan_wok\14july_2026_java\.metadata\.plugins\org.eclipse.swt\EBWebView\Default lastActive=2026-07-28T03:00:44.497Z
2026-08-26 08:40:19.541: [INFO] LastUsedProfileDir: D:\Chintan_wok\14july_2026_java\.metadata\.plugins\org.eclipse.swt\EBWebView\Default
2026-08-26 08:40:19.541: [INFO] MostRecentlyActiveProfile: name=Profile 1 path=D:\Chintan_wok\14july_2026_java\.metadata\.plugins\org.eclipse.swt\EBWebView\Default lastActive=2026-07-28T03:00:44.497Z
2026-08-26 08:40:19.541: [INFO] OnDoneLoading sync enabled: 0
2026-08-26 08:40:19.541: [INFO] BookmarkModelLoaded, ids_reassigned: 0
2026-08-26 08:40:19.541: [INFO] BookmarksLoadDropped droppedNodes=0
2026-08-26 08:40:19.541: [INFO] BookmarksSnapshot Startup total=0 bar=0 other=0 mobile=0 showBar=0 showBarNTP=1
2026-08-26 08:41:05.098: [INFO] BookmarksSnapshot Shutdown total=0 bar=0 other=0 mobile=0 showBar=0 showBarNTP=1
2026-08-26 08:41:39.637: [INFO] CurrentProfilePath: D:\Chintan_wok\14july_2026_java\.metadata\.plugins\org.eclipse.swt\EBWebView\Default
2026-08-26 08:41:39.637: [INFO] Profiles total count: 1
2026-08-26 08:41:39.637: [INFO] Profile: name=Profile 1 path=D:\Chintan_wok\14july_2026_java\.metadata\.plugins\org.eclipse.swt\EBWebView\Default lastActive=2026-07-28T03:00:44.497Z
2026-08-26 08:41:39.637: [INFO] LastUsedProfileDir: D:\Chintan_wok\14july_2026_java\.metadata\.plugins\org.eclipse.swt\EBWebView\Default
2026-08-26 08:41:39.637: [INFO] MostRecentlyActiveProfile: name=Profile 1 path=D:\Chintan_wok\14july_2026_java\.metadata\.plugins\org.eclipse.swt\EBWebView\Default lastActive=2026-07-28T03:00:44.497Z
2026-08-26 08:41:39.637: [INFO] OnDoneLoading sync enabled: 0
2026-08-26 08:41:39.637: [INFO] BookmarkModelLoaded, ids_reassigned: 0
2026-08-26 08:41:39.637: [INFO] BookmarksLoadDropped droppedNodes=0
2026-08-26 08:41:39.637: [INFO] BookmarksSnapshot Startup total=0 bar=0 other=0 mobile=0 showBar=0 showBarNTP=1
2026-08-26 08:43:21.359: [INFO] BookmarksSnapshot Shutdown total=0 bar=0 other=0 mobile=0 showBar=0 showBarNTP=1
2026-08-26 08:46:38.826: [INFO] CurrentProfilePath: D:\Chintan_wok\14july_2026_java\.metadata\.plugins\org.eclipse.swt\EBWebView\Default
2026-08-26 08:46:38.826: [INFO] Profiles total count: 1
2026-08-26 08:46:38.827: [INFO] Profile: name=Profile 1 path=D:\Chintan_wok\14july_2026_java\.metadata\.plugins\org.eclipse.swt\EBWebView\Default lastActive=2026-07-28T03:00:44.497Z
2026-08-26 08:46:38.827: [INFO] LastUsedProfileDir: D:\Chintan_wok\14july_2026_java\.metadata\.plugins\org.eclipse.swt\EBWebView\Default
2026-08-26 08:46:38.827: [INFO] MostRecentlyActiveProfile: name=Profile 1 path=D:\Chintan_wok\14july_2026_java\.metadata\.plugins\org.eclipse.swt\EBWebView\Default lastActive=2026-07-28T03:00:44.497Z
2026-08-26 08:46:38.827: [INFO] OnDoneLoading sync enabled: 0
2026-08-26 08:46:38.827: [INFO] BookmarkModelLoaded, ids_reassigned: 0
2026-08-26 08:46:38.827: [INFO] BookmarksLoadDropped droppedNodes=0
2026-08-26 08:46:38.827: [INFO] BookmarksSnapshot Startup total=0 bar=0 other=0 mobile=0 showBar=0 showBarNTP=1
2026-08-26 09:34:46.416: [INFO] BookmarksSnapshot Shutdown total=0 bar=0 other=0 mobile=0 showBar=0 showBarNTP=1
2026-08-26 09:50:47.034: [INFO] CurrentProfilePath: D:\Chintan_wok\14july_2026_java\.metadata\.plugins\org.eclipse.swt\EBWebView\Default
2026-08-26 09:50:47.034: [INFO] Profiles total count: 1
2026-08-26 09:50:47.035: [INFO] Profile: name=Profile 1 path=D:\Chintan_wok\14july_2026_java\.metadata\.plugins\org.eclipse.swt\EBWebView\Default lastActive=2026-07-28T03:00:44.497Z
2026-08-26 09:50:47.035: [INFO] LastUsedProfileDir: D:\Chintan_wok\14july_2026_java\.metadata\.plugins\org.eclipse.swt\EBWebView\Default
2026-08-26 09:50:47.035: [INFO] MostRecentlyActiveProfile: name=Profile 1 path=D:\Chintan_wok\14july_2026_java\.metadata\.plugins\org.eclipse.swt\EBWebView\Default lastActive=2026-07-28T03:00:44.497Z
2026-08-26 09:50:47.035: [INFO] OnDoneLoading sync enabled: 0
2026-08-26 09:50:47.035: [INFO] BookmarkModelLoaded, ids_reassigned: 0
2026-08-26 09:50:47.035: [INFO] BookmarksLoadDropped droppedNodes=0
2026-08-26 09:50:47.035: [INFO] BookmarksSnapshot Startup total=0 bar=0 other=0 mobile=0 showBar=0 showBarNTP=1
2026-08-26 09:55:36.273: [INFO] BookmarksSnapshot Shutdown total=0 bar=0 other=0 mobile=0 showBar=0 showBarNTP=1
2026-08-27 03:30:24.055: [INFO] CurrentProfilePath: D:\Chintan_wok\14july_2026_java\.metadata\.plugins\org.eclipse.swt\EBWebView\Default
2026-08-27 03:30:24.056: [INFO] Profiles total count: 1
2026-08-27 03:30:24.056: [INFO] Profile: name=Profile 1 path=D:\Chintan_wok\14july_2026_java\.metadata\.plugins\org.eclipse.swt\EBWebView\Default lastActive=2026-07-28T03:00:44.497Z
2026-08-27 03:30:24.056: [INFO] LastUsedProfileDir: D:\Chintan_wok\14july_2026_java\.metadata\.plugins\org.eclipse.swt\EBWebView\Default
2026-08-27 03:30:24.056: [INFO] MostRecentlyActiveProfile: name=Profile 1 path=D:\Chintan_wok\14july_2026_java\.metadata\.plugins\org.eclipse.swt\EBWebView\Default lastActive=2026-07-28T03:00:44.497Z
2026-08-27 03:30:24.056: [INFO] OnDoneLoading sync enabled: 0
2026-08-27 03:30:24.056: [INFO] BookmarkModelLoaded, ids_reassigned: 0
2026-08-27 03:30:24.056: [INFO] BookmarksLoadDropped droppedNodes=0
2026-08-27 03:30:24.056: [INFO] BookmarksSnapshot Startup total=0 bar=0 other=0 mobile=0 showBar=0 showBarNTP=1
2026-08-27 03:30:49.694: [INFO] BookmarksSnapshot Shutdown total=0 bar=0 other=0 mobile=0 showBar=0 showBarNTP=1
2026-08-27 03:32:20.525: [INFO] CurrentProfilePath: D:\Chintan_wok\14july_2026_java\.metadata\.plugins\org.eclipse.swt\EBWebView\Default
2026-08-27 03:32:20.526: [INFO] Profiles total count: 1
2026-08-27 03:32:20.526: [INFO] Profile: name=Profile 1 path=D:\Chintan_wok\14july_2026_java\.metadata\.plugins\org.eclipse.swt\EBWebView\Default lastActive=2026-07-28T03:00:44.497Z
2026-08-27 03:32:20.526: [INFO] LastUsedProfileDir: D:\Chintan_wok\14july_2026_java\.metadata\.plugins\org.eclipse.swt\EBWebView\Default
2026-08-27 03:32:20.526: [INFO] MostRecentlyActiveProfile: name=Profile 1 path=D:\Chintan_wok\14july_2026_java\.metadata\.plugins\org.eclipse.swt\EBWebView\Default lastActive=2026-07-28T03:00:44.497Z
2026-08-27 03:32:20.526: [INFO] OnDoneLoading sync enabled: 0
2026-08-27 03:32:20.526: [INFO] BookmarkModelLoaded, ids_reassigned: 0
2026-08-27 03:32:20.526: [INFO] BookmarksLoadDropped droppedNodes=0
2026-08-27 03:32:20.526: [INFO] BookmarksSnapshot Startup total=0 bar=0 other=0 mobile=0 showBar=0 showBarNTP=1
2026-08-27 03:32:58.663: [INFO] BookmarksSnapshot Shutdown total=0 bar=0 other=0 mobile=0 showBar=0 showBarNTP=1
2026-08-27 03:33:19.944: [INFO] CurrentProfilePath: D:\Chintan_wok\14july_2026_java\.metadata\.plugins\org.eclipse.swt\EBWebView\Default
2026-08-27 03:33:19.944: [INFO] Profiles total count: 1
2026-08-27 03:33:19.944: [INFO] Profile: name=Profile 1 path=D:\Chintan_wok\14july_2026_java\.metadata\.plugins\org.eclipse.swt\EBWebView\Default lastActive=2026-07-28T03:00:44.497Z
2026-08-27 03:33:19.944: [INFO] LastUsedProfileDir: D:\Chintan_wok\14july_2026_java\.metadata\.plugins\org.eclipse.swt\EBWebView\Default
2026-08-27 03:33:19.944: [INFO] MostRecentlyActiveProfile: name=Profile 1 path=D:\Chintan_wok\14july_2026_java\.metadata\.plugins\org.eclipse.swt\EBWebView\Default lastActive=2026-07-28T03:00:44.497Z
2026-08-27 03:33:19.944: [INFO] OnDoneLoading sync enabled: 0
2026-08-27 03:33:19.944: [INFO] BookmarkModelLoaded, ids_reassigned: 0
2026-08-27 03:33:19.944: [INFO] BookmarksLoadDropped droppedNodes=0
2026-08-27 03:33:19.944: [INFO] BookmarksSnapshot Startup total=0 bar=0 other=0 mobile=0 showBar=0 showBarNTP=1
2026-08-27 03:37:06.545: [INFO] BookmarksSnapshot Shutdown total=0 bar=0 other=0 mobile=0 showBar=0 showBarNTP=1
2026-08-27 03:41:38.125: [INFO] CurrentProfilePath: D:\Chintan_wok\14july_2026_java\.metadata\.plugins\org.eclipse.swt\EBWebView\Default
2026-08-27 03:41:38.125: [INFO] Profiles total count: 1
2026-08-27 03:41:38.125: [INFO] Profile: name=Profile 1 path=D:\Chintan_wok\14july_2026_java\.metadata\.plugins\org.eclipse.swt\EBWebView\Default lastActive=2026-07-28T03:00:44.497Z
2026-08-27 03:41:38.125: [INFO] LastUsedProfileDir: D:\Chintan_wok\14july_2026_java\.metadata\.plugins\org.eclipse.swt\EBWebView\Default
2026-08-27 03:41:38.125: [INFO] MostRecentlyActiveProfile: name=Profile 1 path=D:\Chintan_wok\14july_2026_java\.metadata\.plugins\org.eclipse.swt\EBWebView\Default lastActive=2026-07-28T03:00:44.497Z
2026-08-27 03:41:38.125: [INFO] OnDoneLoading sync enabled: 0
2026-08-27 03:41:38.125: [INFO] BookmarkModelLoaded, ids_reassigned: 0
2026-08-27 03:41:38.125: [INFO] BookmarksLoadDropped droppedNodes=0
2026-08-27 03:41:38.125: [INFO] BookmarksSnapshot Startup total=0 bar=0 other=0 mobile=0 showBar=0 showBarNTP=1
2026-08-27 03:54:27.723: [INFO] BookmarksSnapshot Shutdown total=0 bar=0 other=0 mobile=0 showBar=0 showBarNTP=1
2026-08-29 03:00:15.857: [INFO] CurrentProfilePath: D:\Chintan_wok\14july_2026_java\.metadata\.plugins\org.eclipse.swt\EBWebView\Default
2026-08-29 03:00:15.857: [INFO] Profiles total count: 1
2026-08-29 03:00:15.858: [INFO] Profile: name=Profile 1 path=D:\Chintan_wok\14july_2026_java\.metadata\.plugins\org.eclipse.swt\EBWebView\Default lastActive=2026-07-28T03:00:44.497Z
2026-08-29 03:00:15.858: [INFO] LastUsedProfileDir: D:\Chintan_wok\14july_2026_java\.metadata\.plugins\org.eclipse.swt\EBWebView\Default
2026-08-29 03:00:15.858: [INFO] MostRecentlyActiveProfile: name=Profile 1 path=D:\Chintan_wok\14july_2026_java\.metadata\.plugins\org.eclipse.swt\EBWebView\Default lastActive=2026-07-28T03:00:44.497Z
2026-08-29 03:00:15.858: [INFO] OnDoneLoading sync enabled: 0
2026-08-29 03:00:15.858: [INFO] BookmarkModelLoaded, ids_reassigned: 0
2026-08-29 03:00:15.858: [INFO] BookmarksLoadDropped droppedNodes=0
2026-08-29 03:00:15.858: [INFO] BookmarksSnapshot Startup total=0 bar=0 other=0 mobile=0 showBar=0 showBarNTP=1
2026-08-29 04:09:59.409: [INFO] BookmarksSnapshot Shutdown total=0 bar=0 other=0 mobile=0 showBar=0 showBarNTP=1
2026-08-31 08:19:20.379: [INFO] CurrentProfilePath: D:\Chintan_wok\14july_2026_java\.metadata\.plugins\org.eclipse.swt\EBWebView\Default
2026-08-31 08:19:20.379: [INFO] Profiles total count: 1
2026-08-31 08:19:20.379: [INFO] Profile: name=Profile 1 path=D:\Chintan_wok\14july_2026_java\.metadata\.plugins\org.eclipse.swt\EBWebView\Default lastActive=2026-07-28T03:00:44.497Z
2026-08-31 08:19:20.379: [INFO] LastUsedProfileDir: D:\Chintan_wok\14july_2026_java\.metadata\.plugins\org.eclipse.swt\EBWebView\Default
2026-08-31 08:19:20.379: [INFO] MostRecentlyActiveProfile: name=Profile 1 path=D:\Chintan_wok\14july_2026_java\.metadata\.plugins\org.eclipse.swt\EBWebView\Default lastActive=2026-07-28T03:00:44.497Z
2026-08-31 08:19:20.379: [INFO] OnDoneLoading sync enabled: 0
2026-08-31 08:19:20.379: [INFO] BookmarkModelLoaded, ids_reassigned: 0
2026-08-31 08:19:20.379: [INFO] BookmarksLoadDropped droppedNodes=0
2026-08-31 08:19:20.379: [INFO] BookmarksSnapshot Startup total=0 bar=0 other=0 mobile=0 showBar=0 showBarNTP=1
2026-08-31 08:23:13.413: [INFO] BookmarksSnapshot Shutdown total=0 bar=0 other=0 mobile=0 showBar=0 showBarNTP=1
2026-08-31 08:23:13.505: [INFO] CurrentProfilePath: D:\Chintan_wok\14july_2026_java\.metadata\.plugins\org.eclipse.swt\EBWebView\Default
2026-08-31 08:23:13.505: [INFO] Profiles total count: 1
2026-08-31 08:23:13.505: [INFO] Profile: name=Profile 1 path=D:\Chintan_wok\14july_2026_java\.metadata\.plugins\org.eclipse.swt\EBWebView\Default lastActive=2026-07-28T03:00:44.497Z
2026-08-31 08:23:13.505: [INFO] LastUsedProfileDir: D:\Chintan_wok\14july_2026_java\.metadata\.plugins\org.eclipse.swt\EBWebView\Default
2026-08-31 08:23:13.505: [INFO] MostRecentlyActiveProfile: name=Profile 1 path=D:\Chintan_wok\14july_2026_java\.metadata\.plugins\org.eclipse.swt\EBWebView\Default lastActive=2026-07-28T03:00:44.497Z
2026-08-31 08:23:13.505: [INFO] OnDoneLoading sync enabled: 0
2026-08-31 08:23:13.505: [INFO] BookmarkModelLoaded, ids_reassigned: 0
2026-08-31 08:23:13.505: [INFO] BookmarksLoadDropped droppedNodes=0
2026-08-31 08:23:13.505: [INFO] BookmarksSnapshot Startup total=0 bar=0 other=0 mobile=0 showBar=0 showBarNTP=1
2026-08-31 08:34:06.177: [INFO] BookmarksSnapshot Shutdown total=0 bar=0 other=0 mobile=0 showBar=0 showBarNTP=1
2026-09-01 03:00:42.031: [INFO] CurrentProfilePath: D:\Chintan_wok\14july_2026_java\.metadata\.plugins\org.eclipse.swt\EBWebView\Default
2026-09-01 03:00:42.031: [INFO] Profiles total count: 1
2026-09-01 03:00:42.031: [INFO] Profile: name=Profile 1 path=D:\Chintan_wok\14july_2026_java\.metadata\.plugins\org.eclipse.swt\EBWebView\Default lastActive=2026-07-28T03:00:44.497Z
2026-09-01 03:00:42.031: [INFO] LastUsedProfileDir: D:\Chintan_wok\14july_2026_java\.metadata\.plugins\org.eclipse.swt\EBWebView\Default
2026-09-01 03:00:42.031: [INFO] MostRecentlyActiveProfile: name=Profile 1 path=D:\Chintan_wok\14july_2026_java\.metadata\.plugins\org.eclipse.swt\EBWebView\Default lastActive=2026-07-28T03:00:44.497Z
2026-09-01 03:00:42.031: [INFO] OnDoneLoading sync enabled: 0
2026-09-01 03:00:42.031: [INFO] BookmarkModelLoaded, ids_reassigned: 0
2026-09-01 03:00:42.031: [INFO] BookmarksLoadDropped droppedNodes=0
2026-09-01 03:00:42.031: [INFO] BookmarksSnapshot Startup total=0 bar=0 other=0 mobile=0 showBar=0 showBarNTP=1
2026-09-01 03:02:13.054: [INFO] BookmarksSnapshot Shutdown total=0 bar=0 other=0 mobile=0 showBar=0 showBarNTP=1
2026-09-01 03:02:28.630: [INFO] CurrentProfilePath: D:\Chintan_wok\14july_2026_java\.metadata\.plugins\org.eclipse.swt\EBWebView\Default
2026-09-01 03:02:28.630: [INFO] Profiles total count: 1
2026-09-01 03:02:28.630: [INFO] Profile: name=Profile 1 path=D:\Chintan_wok\14july_2026_java\.metadata\.plugins\org.eclipse.swt\EBWebView\Default lastActive=2026-07-28T03:00:44.497Z
2026-09-01 03:02:28.630: [INFO] LastUsedProfileDir: D:\Chintan_wok\14july_2026_java\.metadata\.plugins\org.eclipse.swt\EBWebView\Default
2026-09-01 03:02:28.630: [INFO] MostRecentlyActiveProfile: name=Profile 1 path=D:\Chintan_wok\14july_2026_java\.metadata\.plugins\org.eclipse.swt\EBWebView\Default lastActive=2026-07-28T03:00:44.497Z
2026-09-01 03:02:28.630: [INFO] OnDoneLoading sync enabled: 0
2026-09-01 03:02:28.630: [INFO] BookmarkModelLoaded, ids_reassigned: 0
2026-09-01 03:02:28.630: [INFO] BookmarksLoadDropped droppedNodes=0
2026-09-01 03:02:28.630: [INFO] BookmarksSnapshot Startup total=0 bar=0 other=0 mobile=0 showBar=0 showBarNTP=1
2026-09-01 03:02:32.047: [INFO] BookmarksSnapshot Shutdown total=0 bar=0 other=0 mobile=0 showBar=0 showBarNTP=1
2026-09-01 03:02:49.209: [INFO] CurrentProfilePath: D:\Chintan_wok\14july_2026_java\.metadata\.plugins\org.eclipse.swt\EBWebView\Default
2026-09-01 03:02:49.209: [INFO] Profiles total count: 1
2026-09-01 03:02:49.210: [INFO] Profile: name=Profile 1 path=D:\Chintan_wok\14july_2026_java\.metadata\.plugins\org.eclipse.swt\EBWebView\Default lastActive=2026-07-28T03:00:44.497Z
2026-09-01 03:02:49.210: [INFO] LastUsedProfileDir: D:\Chintan_wok\14july_2026_java\.metadata\.plugins\org.eclipse.swt\EBWebView\Default
2026-09-01 03:02:49.210: [INFO] MostRecentlyActiveProfile: name=Profile 1 path=D:\Chintan_wok\14july_2026_java\.metadata\.plugins\org.eclipse.swt\EBWebView\Default lastActive=2026-07-28T03:00:44.497Z
2026-09-01 03:02:49.210: [INFO] OnDoneLoading sync enabled: 0
2026-09-01 03:02:49.210: [INFO] BookmarkModelLoaded, ids_reassigned: 0
2026-09-01 03:02:49.210: [INFO] BookmarksLoadDropped droppedNodes=0
2026-09-01 03:02:49.210: [INFO] BookmarksSnapshot Startup total=0 bar=0 other=0 mobile=0 showBar=0 showBarNTP=1
2026-09-01 03:04:45.217: [INFO] BookmarksSnapshot Shutdown total=0 bar=0 other=0 mobile=0 showBar=0 showBarNTP=1
2026-09-01 03:04:45.312: [INFO] CurrentProfilePath: D:\Chintan_wok\14july_2026_java\.metadata\.plugins\org.eclipse.swt\EBWebView\Default
2026-09-01 03:04:45.312: [INFO] Profiles total count: 1
2026-09-01 03:04:45.312: [INFO] Profile: name=Profile 1 path=D:\Chintan_wok\14july_2026_java\.metadata\.plugins\org.eclipse.swt\EBWebView\Default lastActive=2026-07-28T03:00:44.497Z
2026-09-01 03:04:45.312: [INFO] LastUsedProfileDir: D:\Chintan_wok\14july_2026_java\.metadata\.plugins\org.eclipse.swt\EBWebView\Default
2026-09-01 03:04:45.312: [INFO] MostRecentlyActiveProfile: name=Profile 1 path=D:\Chintan_wok\14july_2026_java\.metadata\.plugins\org.eclipse.swt\EBWebView\Default lastActive=2026-07-28T03:00:44.497Z
2026-09-01 03:04:45.312: [INFO] OnDoneLoading sync enabled: 0
2026-09-01 03:04:45.312: [INFO] BookmarkModelLoaded, ids_reassigned: 0
2026-09-01 03:04:45.312: [INFO] BookmarksLoadDropped droppedNodes=0
2026-09-01 03:04:45.312: [INFO] BookmarksSnapshot Startup total=0 bar=0 other=0 mobile=0 showBar=0 showBarNTP=1
2026-09-01 03:06:59.126: [INFO] BookmarksSnapshot Shutdown total=0 bar=0 other=0 mobile=0 showBar=0 showBarNTP=1
2026-09-01 03:07:20.916: [INFO] CurrentProfilePath: D:\Chintan_wok\14july_2026_java\.metadata\.plugins\org.eclipse.swt\EBWebView\Default
2026-09-01 03:07:20.916: [INFO] Profiles total count: 1
2026-09-01 03:07:20.916: [INFO] Profile: name=Profile 1 path=D:\Chintan_wok\14july_2026_java\.metadata\.plugins\org.eclipse.swt\EBWebView\Default lastActive=2026-07-28T03:00:44.497Z
2026-09-01 03:07:20.916: [INFO] LastUsedProfileDir: D:\Chintan_wok\14july_2026_java\.metadata\.plugins\org.eclipse.swt\EBWebView\Default
2026-09-01 03:07:20.916: [INFO] MostRecentlyActiveProfile: name=Profile 1 path=D:\Chintan_wok\14july_2026_java\.metadata\.plugins\org.eclipse.swt\EBWebView\Default lastActive=2026-07-28T03:00:44.497Z
2026-09-01 03:07:20.916: [INFO] OnDoneLoading sync enabled: 0
2026-09-01 03:07:20.916: [INFO] BookmarkModelLoaded, ids_reassigned: 0
2026-09-01 03:07:20.916: [INFO] BookmarksLoadDropped droppedNodes=0
2026-09-01 03:07:20.916: [INFO] BookmarksSnapshot Startup total=0 bar=0 other=0 mobile=0 showBar=0 showBarNTP=1
2026-09-01 03:07:33.956: [INFO] BookmarksSnapshot Shutdown total=0 bar=0 other=0 mobile=0 showBar=0 showBarNTP=1
2026-09-01 03:07:59.736: [INFO] CurrentProfilePath: D:\Chintan_wok\14july_2026_java\.metadata\.plugins\org.eclipse.swt\EBWebView\Default
2026-09-01 03:07:59.736: [INFO] Profiles total count: 1
2026-09-01 03:07:59.736: [INFO] Profile: name=Profile 1 path=D:\Chintan_wok\14july_2026_java\.metadata\.plugins\org.eclipse.swt\EBWebView\Default lastActive=2026-07-28T03:00:44.497Z
2026-09-01 03:07:59.736: [INFO] LastUsedProfileDir: D:\Chintan_wok\14july_2026_java\.metadata\.plugins\org.eclipse.swt\EBWebView\Default
2026-09-01 03:07:59.736: [INFO] MostRecentlyActiveProfile: name=Profile 1 path=D:\Chintan_wok\14july_2026_java\.metadata\.plugins\org.eclipse.swt\EBWebView\Default lastActive=2026-07-28T03:00:44.497Z
2026-09-01 03:07:59.736: [INFO] OnDoneLoading sync enabled: 0
2026-09-01 03:07:59.736: [INFO] BookmarkModelLoaded, ids_reassigned: 0
2026-09-01 03:07:59.736: [INFO] BookmarksLoadDropped droppedNodes=0
2026-09-01 03:07:59.736: [INFO] BookmarksSnapshot Startup total=0 bar=0 other=0 mobile=0 showBar=0 showBarNTP=1
2026-09-01 03:08:02.561: [INFO] BookmarksSnapshot Shutdown total=0 bar=0 other=0 mobile=0 showBar=0 showBarNTP=1
2026-09-01 03:08:06.491: [INFO] CurrentProfilePath: D:\Chintan_wok\14july_2026_java\.metadata\.plugins\org.eclipse.swt\EBWebView\Default
2026-09-01 03:08:06.491: [INFO] Profiles total count: 1
2026-09-01 03:08:06.491: [INFO] Profile: name=Profile 1 path=D:\Chintan_wok\14july_2026_java\.metadata\.plugins\org.eclipse.swt\EBWebView\Default lastActive=2026-07-28T03:00:44.497Z
2026-09-01 03:08:06.491: [INFO] LastUsedProfileDir: D:\Chintan_wok\14july_2026_java\.metadata\.plugins\org.eclipse.swt\EBWebView\Default
2026-09-01 03:08:06.491: [INFO] MostRecentlyActiveProfile: name=Profile 1 path=D:\Chintan_wok\14july_2026_java\.metadata\.plugins\org.eclipse.swt\EBWebView\Default lastActive=2026-07-28T03:00:44.497Z
2026-09-01 03:08:06.491: [INFO] OnDoneLoading sync enabled: 0
2026-09-01 03:08:06.491: [INFO] BookmarkModelLoaded, ids_reassigned: 0
2026-09-01 03:08:06.491: [INFO] BookmarksLoadDropped droppedNodes=0
2026-09-01 03:08:06.491: [INFO] BookmarksSnapshot Startup total=0 bar=0 other=0 mobile=0 showBar=0 showBarNTP=1
2026-09-01 03:08:06.772: [INFO] BookmarksSnapshot Shutdown total=0 bar=0 other=0 mobile=0 showBar=0 showBarNTP=1
2026-09-01 03:08:33.445: [INFO] CurrentProfilePath: D:\Chintan_wok\14july_2026_java\.metadata\.plugins\org.eclipse.swt\EBWebView\Default
2026-09-01 03:08:33.445: [INFO] Profiles total count: 1
2026-09-01 03:08:33.445: [INFO] Profile: name=Profile 1 path=D:\Chintan_wok\14july_2026_java\.metadata\.plugins\org.eclipse.swt\EBWebView\Default lastActive=2026-07-28T03:00:44.497Z
2026-09-01 03:08:33.445: [INFO] LastUsedProfileDir: D:\Chintan_wok\14july_2026_java\.metadata\.plugins\org.eclipse.swt\EBWebView\Default
2026-09-01 03:08:33.445: [INFO] MostRecentlyActiveProfile: name=Profile 1 path=D:\Chintan_wok\14july_2026_java\.metadata\.plugins\org.eclipse.swt\EBWebView\Default lastActive=2026-07-28T03:00:44.497Z
2026-09-01 03:08:33.445: [INFO] OnDoneLoading sync enabled: 0
2026-09-01 03:08:33.445: [INFO] BookmarkModelLoaded, ids_reassigned: 0
2026-09-01 03:08:33.445: [INFO] BookmarksLoadDropped droppedNodes=0
2026-09-01 03:08:33.445: [INFO] BookmarksSnapshot Startup total=0 bar=0 other=0 mobile=0 showBar=0 showBarNTP=1
2026-09-01 03:08:47.283: [INFO] BookmarksSnapshot Shutdown total=0 bar=0 other=0 mobile=0 showBar=0 showBarNTP=1
2026-09-01 03:09:16.698: [INFO] CurrentProfilePath: D:\Chintan_wok\14july_2026_java\.metadata\.plugins\org.eclipse.swt\EBWebView\Default
2026-09-01 03:09:16.698: [INFO] Profiles total count: 1
2026-09-01 03:09:16.699: [INFO] Profile: name=Profile 1 path=D:\Chintan_wok\14july_2026_java\.metadata\.plugins\org.eclipse.swt\EBWebView\Default lastActive=2026-07-28T03:00:44.497Z
2026-09-01 03:09:16.699: [INFO] LastUsedProfileDir: D:\Chintan_wok\14july_2026_java\.metadata\.plugins\org.eclipse.swt\EBWebView\Default
2026-09-01 03:09:16.699: [INFO] MostRecentlyActiveProfile: name=Profile 1 path=D:\Chintan_wok\14july_2026_java\.metadata\.plugins\org.eclipse.swt\EBWebView\Default lastActive=2026-07-28T03:00:44.497Z
2026-09-01 03:09:16.699: [INFO] OnDoneLoading sync enabled: 0
2026-09-01 03:09:16.699: [INFO] BookmarkModelLoaded, ids_reassigned: 0
2026-09-01 03:09:16.699: [INFO] BookmarksLoadDropped droppedNodes=0
2026-09-01 03:09:16.699: [INFO] BookmarksSnapshot Startup total=0 bar=0 other=0 mobile=0 showBar=0 showBarNTP=1
2026-09-01 03:09:24.969: [INFO] BookmarksSnapshot Shutdown total=0 bar=0 other=0 mobile=0 showBar=0 showBarNTP=1
2026-09-01 03:10:41.005: [INFO] CurrentProfilePath: D:\Chintan_wok\14july_2026_java\.metadata\.plugins\org.eclipse.swt\EBWebView\Default
2026-09-01 03:10:41.005: [INFO] Profiles total count: 1
2026-09-01 03:10:41.005: [INFO] Profile: name=Profile 1 path=D:\Chintan_wok\14july_2026_java\.metadata\.plugins\org.eclipse.swt\EBWebView\Default lastActive=2026-07-28T03:00:44.497Z
2026-09-01 03:10:41.005: [INFO] LastUsedProfileDir: D:\Chintan_wok\14july_2026_java\.metadata\.plugins\org.eclipse.swt\EBWebView\Default
2026-09-01 03:10:41.005: [INFO] MostRecentlyActiveProfile: name=Profile 1 path=D:\Chintan_wok\14july_2026_java\.metadata\.plugins\org.eclipse.swt\EBWebView\Default lastActive=2026-07-28T03:00:44.497Z
2026-09-01 03:10:41.005: [INFO] OnDoneLoading sync enabled: 0
2026-09-01 03:10:41.005: [INFO] BookmarkModelLoaded, ids_reassigned: 0
2026-09-01 03:10:41.005: [INFO] BookmarksLoadDropped droppedNodes=0
2026-09-01 03:10:41.005: [INFO] BookmarksSnapshot Startup total=0 bar=0 other=0 mobile=0 showBar=0 showBarNTP=1
2026-09-01 03:38:13.534: [INFO] BookmarksSnapshot Shutdown total=0 bar=0 other=0 mobile=0 showBar=0 showBarNTP=1
2026-09-01 03:42:35.399: [INFO] CurrentProfilePath: D:\Chintan_wok\14july_2026_java\.metadata\.plugins\org.eclipse.swt\EBWebView\Default
2026-09-01 03:42:35.399: [INFO] Profiles total count: 1
2026-09-01 03:42:35.400: [INFO] Profile: name=Profile 1 path=D:\Chintan_wok\14july_2026_java\.metadata\.plugins\org.eclipse.swt\EBWebView\Default lastActive=2026-07-28T03:00:44.497Z
2026-09-01 03:42:35.400: [INFO] LastUsedProfileDir: D:\Chintan_wok\14july_2026_java\.metadata\.plugins\org.eclipse.swt\EBWebView\Default
2026-09-01 03:42:35.400: [INFO] MostRecentlyActiveProfile: name=Profile 1 path=D:\Chintan_wok\14july_2026_java\.metadata\.plugins\org.eclipse.swt\EBWebView\Default lastActive=2026-07-28T03:00:44.497Z
2026-09-01 03:42:35.400: [INFO] OnDoneLoading sync enabled: 0
2026-09-01 03:42:35.400: [INFO] BookmarkModelLoaded, ids_reassigned: 0
2026-09-01 03:42:35.400: [INFO] BookmarksLoadDropped droppedNodes=0
2026-09-01 03:42:35.400: [INFO] BookmarksSnapshot Startup total=0 bar=0 other=0 mobile=0 showBar=0 showBarNTP=1
2026-09-01 03:42:38.551: [INFO] BookmarksSnapshot Shutdown total=0 bar=0 other=0 mobile=0 showBar=0 showBarNTP=1
2026-09-01 03:45:16.199: [INFO] CurrentProfilePath: D:\Chintan_wok\14july_2026_java\.metadata\.plugins\org.eclipse.swt\EBWebView\Default
2026-09-01 03:45:16.199: [INFO] Profiles total count: 1
2026-09-01 03:45:16.199: [INFO] Profile: name=Profile 1 path=D:\Chintan_wok\14july_2026_java\.metadata\.plugins\org.eclipse.swt\EBWebView\Default lastActive=2026-07-28T03:00:44.497Z
2026-09-01 03:45:16.199: [INFO] LastUsedProfileDir: D:\Chintan_wok\14july_2026_java\.metadata\.plugins\org.eclipse.swt\EBWebView\Default
2026-09-01 03:45:16.199: [INFO] MostRecentlyActiveProfile: name=Profile 1 path=D:\Chintan_wok\14july_2026_java\.metadata\.plugins\org.eclipse.swt\EBWebView\Default lastActive=2026-07-28T03:00:44.497Z
2026-09-01 03:45:16.199: [INFO] OnDoneLoading sync enabled: 0
2026-09-01 03:45:16.199: [INFO] BookmarkModelLoaded, ids_reassigned: 0
2026-09-01 03:45:16.199: [INFO] BookmarksLoadDropped droppedNodes=0
2026-09-01 03:45:16.199: [INFO] BookmarksSnapshot Startup total=0 bar=0 other=0 mobile=0 showBar=0 showBarNTP=1
2026-09-01 04:15:07.248: [INFO] BookmarksSnapshot Shutdown total=0 bar=0 other=0 mobile=0 showBar=0 showBarNTP=1
2026-09-03 02:57:19.645: [INFO] CurrentProfilePath: D:\Chintan_wok\14july_2026_java\.metadata\.plugins\org.eclipse.swt\EBWebView\Default
2026-09-03 02:57:19.645: [INFO] Profiles total count: 1
2026-09-03 02:57:19.645: [INFO] Profile: name=Profile 1 path=D:\Chintan_wok\14july_2026_java\.metadata\.plugins\org.eclipse.swt\EBWebView\Default lastActive=2026-07-28T03:00:44.497Z
2026-09-03 02:57:19.645: [INFO] LastUsedProfileDir: D:\Chintan_wok\14july_2026_java\.metadata\.plugins\org.eclipse.swt\EBWebView\Default
2026-09-03 02:57:19.645: [INFO] MostRecentlyActiveProfile: name=Profile 1 path=D:\Chintan_wok\14july_2026_java\.metadata\.plugins\org.eclipse.swt\EBWebView\Default lastActive=2026-07-28T03:00:44.497Z
2026-09-03 02:57:19.645: [INFO] OnDoneLoading sync enabled: 0
2026-09-03 02:57:19.645: [INFO] BookmarkModelLoaded, ids_reassigned: 0
2026-09-03 02:57:19.645: [INFO] BookmarksLoadDropped droppedNodes=0
2026-09-03 02:57:19.645: [INFO] BookmarksSnapshot Startup total=0 bar=0 other=0 mobile=0 showBar=0 showBarNTP=1
2026-09-03 02:58:24.894: [INFO] BookmarksSnapshot Shutdown total=0 bar=0 other=0 mobile=0 showBar=0 showBarNTP=1
2026-09-03 02:58:27.476: [INFO] CurrentProfilePath: D:\Chintan_wok\14july_2026_java\.metadata\.plugins\org.eclipse.swt\EBWebView\Default
2026-09-03 02:58:27.476: [INFO] Profiles total count: 1
2026-09-03 02:58:27.476: [INFO] Profile: name=Profile 1 path=D:\Chintan_wok\14july_2026_java\.metadata\.plugins\org.eclipse.swt\EBWebView\Default lastActive=2026-07-28T03:00:44.497Z
2026-09-03 02:58:27.476: [INFO] LastUsedProfileDir: D:\Chintan_wok\14july_2026_java\.metadata\.plugins\org.eclipse.swt\EBWebView\Default
2026-09-03 02:58:27.476: [INFO] MostRecentlyActiveProfile: name=Profile 1 path=D:\Chintan_wok\14july_2026_java\.metadata\.plugins\org.eclipse.swt\EBWebView\Default lastActive=2026-07-28T03:00:44.497Z
2026-09-03 02:58:27.476: [INFO] OnDoneLoading sync enabled: 0
2026-09-03 02:58:27.476: [INFO] BookmarkModelLoaded, ids_reassigned: 0
2026-09-03 02:58:27.476: [INFO] BookmarksLoadDropped droppedNodes=0
2026-09-03 02:58:27.476: [INFO] BookmarksSnapshot Startup total=0 bar=0 other=0 mobile=0 showBar=0 showBarNTP=1
2026-09-03 02:59:54.903: [INFO] BookmarksSnapshot Shutdown total=0 bar=0 other=0 mobile=0 showBar=0 showBarNTP=1
2026-09-03 03:02:34.197: [INFO] CurrentProfilePath: D:\Chintan_wok\14july_2026_java\.metadata\.plugins\org.eclipse.swt\EBWebView\Default
2026-09-03 03:02:34.197: [INFO] Profiles total count: 1
2026-09-03 03:02:34.197: [INFO] Profile: name=Profile 1 path=D:\Chintan_wok\14july_2026_java\.metadata\.plugins\org.eclipse.swt\EBWebView\Default lastActive=2026-07-28T03:00:44.497Z
2026-09-03 03:02:34.197: [INFO] LastUsedProfileDir: D:\Chintan_wok\14july_2026_java\.metadata\.plugins\org.eclipse.swt\EBWebView\Default
2026-09-03 03:02:34.197: [INFO] MostRecentlyActiveProfile: name=Profile 1 path=D:\Chintan_wok\14july_2026_java\.metadata\.plugins\org.eclipse.swt\EBWebView\Default lastActive=2026-07-28T03:00:44.497Z
2026-09-03 03:02:34.197: [INFO] OnDoneLoading sync enabled: 0
2026-09-03 03:02:34.197: [INFO] BookmarkModelLoaded, ids_reassigned: 0
2026-09-03 03:02:34.197: [INFO] BookmarksLoadDropped droppedNodes=0
2026-09-03 03:02:34.197: [INFO] BookmarksSnapshot Startup total=0 bar=0 other=0 mobile=0 showBar=0 showBarNTP=1
2026-09-03 03:02:42.734: [INFO] BookmarksSnapshot Shutdown total=0 bar=0 other=0 mobile=0 showBar=0 showBarNTP=1
2026-09-03 03:09:45.701: [INFO] CurrentProfilePath: D:\Chintan_wok\14july_2026_java\.metadata\.plugins\org.eclipse.swt\EBWebView\Default
2026-09-03 03:09:45.701: [INFO] Profiles total count: 1
2026-09-03 03:09:45.702: [INFO] Profile: name=Profile 1 path=D:\Chintan_wok\14july_2026_java\.metadata\.plugins\org.eclipse.swt\EBWebView\Default lastActive=2026-07-28T03:00:44.497Z
2026-09-03 03:09:45.702: [INFO] LastUsedProfileDir: D:\Chintan_wok\14july_2026_java\.metadata\.plugins\org.eclipse.swt\EBWebView\Default
2026-09-03 03:09:45.702: [INFO] MostRecentlyActiveProfile: name=Profile 1 path=D:\Chintan_wok\14july_2026_java\.metadata\.plugins\org.eclipse.swt\EBWebView\Default lastActive=2026-07-28T03:00:44.497Z
2026-09-03 03:09:45.702: [INFO] OnDoneLoading sync enabled: 0
2026-09-03 03:09:45.702: [INFO] BookmarkModelLoaded, ids_reassigned: 0
2026-09-03 03:09:45.702: [INFO] BookmarksLoadDropped droppedNodes=0
2026-09-03 03:09:45.702: [INFO] BookmarksSnapshot Startup total=0 bar=0 other=0 mobile=0 showBar=0 showBarNTP=1
2026-09-03 03:14:12.383: [INFO] BookmarksSnapshot Shutdown total=0 bar=0 other=0 mobile=0 showBar=0 showBarNTP=1
2026-09-03 03:14:50.177: [INFO] CurrentProfilePath: D:\Chintan_wok\14july_2026_java\.metadata\.plugins\org.eclipse.swt\EBWebView\Default
2026-09-03 03:14:50.177: [INFO] Profiles total count: 1
2026-09-03 03:14:50.177: [INFO] Profile: name=Profile 1 path=D:\Chintan_wok\14july_2026_java\.metadata\.plugins\org.eclipse.swt\EBWebView\Default lastActive=2026-07-28T03:00:44.497Z
2026-09-03 03:14:50.177: [INFO] LastUsedProfileDir: D:\Chintan_wok\14july_2026_java\.metadata\.plugins\org.eclipse.swt\EBWebView\Default
2026-09-03 03:14:50.177: [INFO] MostRecentlyActiveProfile: name=Profile 1 path=D:\Chintan_wok\14july_2026_java\.metadata\.plugins\org.eclipse.swt\EBWebView\Default lastActive=2026-07-28T03:00:44.497Z
2026-09-03 03:14:50.177: [INFO] OnDoneLoading sync enabled: 0
2026-09-03 03:14:50.177: [INFO] BookmarkModelLoaded, ids_reassigned: 0
2026-09-03 03:14:50.177: [INFO] BookmarksLoadDropped droppedNodes=0
2026-09-03 03:14:50.177: [INFO] BookmarksSnapshot Startup total=0 bar=0 other=0 mobile=0 showBar=0 showBarNTP=1
2026-09-03 03:25:35.318: [INFO] BookmarksSnapshot Shutdown total=0 bar=0 other=0 mobile=0 showBar=0 showBarNTP=1
2026-09-03 03:30:02.342: [INFO] CurrentProfilePath: D:\Chintan_wok\14july_2026_java\.metadata\.plugins\org.eclipse.swt\EBWebView\Default
2026-09-03 03:30:02.342: [INFO] Profiles total count: 1
2026-09-03 03:30:02.342: [INFO] Profile: name=Profile 1 path=D:\Chintan_wok\14july_2026_java\.metadata\.plugins\org.eclipse.swt\EBWebView\Default lastActive=2026-07-28T03:00:44.497Z
2026-09-03 03:30:02.342: [INFO] LastUsedProfileDir: D:\Chintan_wok\14july_2026_java\.metadata\.plugins\org.eclipse.swt\EBWebView\Default
2026-09-03 03:30:02.342: [INFO] MostRecentlyActiveProfile: name=Profile 1 path=D:\Chintan_wok\14july_2026_java\.metadata\.plugins\org.eclipse.swt\EBWebView\Default lastActive=2026-07-28T03:00:44.497Z
2026-09-03 03:30:02.342: [INFO] OnDoneLoading sync enabled: 0
2026-09-03 03:30:02.342: [INFO] BookmarkModelLoaded, ids_reassigned: 0
2026-09-03 03:30:02.342: [INFO] BookmarksLoadDropped droppedNodes=0
2026-09-03 03:30:02.342: [INFO] BookmarksSnapshot Startup total=0 bar=0 other=0 mobile=0 showBar=0 showBarNTP=1
2026-09-03 03:32:28.059: [INFO] BookmarksSnapshot Shutdown total=0 bar=0 other=0 mobile=0 showBar=0 showBarNTP=1
2026-09-03 03:36:38.372: [INFO] CurrentProfilePath: D:\Chintan_wok\14july_2026_java\.metadata\.plugins\org.eclipse.swt\EBWebView\Default
2026-09-03 03:36:38.372: [INFO] Profiles total count: 1
2026-09-03 03:36:38.372: [INFO] Profile: name=Profile 1 path=D:\Chintan_wok\14july_2026_java\.metadata\.plugins\org.eclipse.swt\EBWebView\Default lastActive=2026-07-28T03:00:44.497Z
2026-09-03 03:36:38.372: [INFO] LastUsedProfileDir: D:\Chintan_wok\14july_2026_java\.metadata\.plugins\org.eclipse.swt\EBWebView\Default
2026-09-03 03:36:38.372: [INFO] MostRecentlyActiveProfile: name=Profile 1 path=D:\Chintan_wok\14july_2026_java\.metadata\.plugins\org.eclipse.swt\EBWebView\Default lastActive=2026-07-28T03:00:44.497Z
2026-09-03 03:36:38.372: [INFO] OnDoneLoading sync enabled: 0
2026-09-03 03:36:38.372: [INFO] BookmarkModelLoaded, ids_reassigned: 0
2026-09-03 03:36:38.372: [INFO] BookmarksLoadDropped droppedNodes=0
2026-09-03 03:36:38.372: [INFO] BookmarksSnapshot Startup total=0 bar=0 other=0 mobile=0 showBar=0 showBarNTP=1
2026-09-03 03:39:27.125: [INFO] BookmarksSnapshot Shutdown total=0 bar=0 other=0 mobile=0 showBar=0 showBarNTP=1
2026-09-03 03:39:30.113: [INFO] CurrentProfilePath: D:\Chintan_wok\14july_2026_java\.metadata\.plugins\org.eclipse.swt\EBWebView\Default
2026-09-03 03:39:30.113: [INFO] Profiles total count: 1
2026-09-03 03:39:30.113: [INFO] Profile: name=Profile 1 path=D:\Chintan_wok\14july_2026_java\.metadata\.plugins\org.eclipse.swt\EBWebView\Default lastActive=2026-07-28T03:00:44.497Z
2026-09-03 03:39:30.113: [INFO] LastUsedProfileDir: D:\Chintan_wok\14july_2026_java\.metadata\.plugins\org.eclipse.swt\EBWebView\Default
2026-09-03 03:39:30.113: [INFO] MostRecentlyActiveProfile: name=Profile 1 path=D:\Chintan_wok\14july_2026_java\.metadata\.plugins\org.eclipse.swt\EBWebView\Default lastActive=2026-07-28T03:00:44.497Z
2026-09-03 03:39:30.113: [INFO] OnDoneLoading sync enabled: 0
2026-09-03 03:39:30.113: [INFO] BookmarkModelLoaded, ids_reassigned: 0
2026-09-03 03:39:30.113: [INFO] BookmarksLoadDropped droppedNodes=0
2026-09-03 03:39:30.113: [INFO] BookmarksSnapshot Startup total=0 bar=0 other=0 mobile=0 showBar=0 showBarNTP=1
2026-09-03 03:39:34.361: [INFO] BookmarksSnapshot Shutdown total=0 bar=0 other=0 mobile=0 showBar=0 showBarNTP=1
2026-09-03 03:39:50.841: [INFO] CurrentProfilePath: D:\Chintan_wok\14july_2026_java\.metadata\.plugins\org.eclipse.swt\EBWebView\Default
2026-09-03 03:39:50.841: [INFO] Profiles total count: 1
2026-09-03 03:39:50.841: [INFO] Profile: name=Profile 1 path=D:\Chintan_wok\14july_2026_java\.metadata\.plugins\org.eclipse.swt\EBWebView\Default lastActive=2026-07-28T03:00:44.497Z
2026-09-03 03:39:50.841: [INFO] LastUsedProfileDir: D:\Chintan_wok\14july_2026_java\.metadata\.plugins\org.eclipse.swt\EBWebView\Default
2026-09-03 03:39:50.841: [INFO] MostRecentlyActiveProfile: name=Profile 1 path=D:\Chintan_wok\14july_2026_java\.metadata\.plugins\org.eclipse.swt\EBWebView\Default lastActive=2026-07-28T03:00:44.497Z
2026-09-03 03:39:50.841: [INFO] OnDoneLoading sync enabled: 0
2026-09-03 03:39:50.841: [INFO] BookmarkModelLoaded, ids_reassigned: 0
2026-09-03 03:39:50.841: [INFO] BookmarksLoadDropped droppedNodes=0
2026-09-03 03:39:50.841: [INFO] BookmarksSnapshot Startup total=0 bar=0 other=0 mobile=0 showBar=0 showBarNTP=1
2026-09-03 04:23:19.779: [INFO] BookmarksSnapshot Shutdown total=0 bar=0 other=0 mobile=0 showBar=0 showBarNTP=1
2026-09-04 08:36:48.030: [INFO] CurrentProfilePath: D:\Chintan_wok\14july_2026_java\.metadata\.plugins\org.eclipse.swt\EBWebView\Default
2026-09-04 08:36:48.030: [INFO] Profiles total count: 1
2026-09-04 08:36:48.030: [INFO] Profile: name=Profile 1 path=D:\Chintan_wok\14july_2026_java\.metadata\.plugins\org.eclipse.swt\EBWebView\Default lastActive=2026-07-28T03:00:44.497Z
2026-09-04 08:36:48.030: [INFO] LastUsedProfileDir: D:\Chintan_wok\14july_2026_java\.metadata\.plugins\org.eclipse.swt\EBWebView\Default
2026-09-04 08:36:48.030: [INFO] MostRecentlyActiveProfile: name=Profile 1 path=D:\Chintan_wok\14july_2026_java\.metadata\.plugins\org.eclipse.swt\EBWebView\Default lastActive=2026-07-28T03:00:44.497Z
2026-09-04 08:36:48.030: [INFO] OnDoneLoading sync enabled: 0
2026-09-04 08:36:48.030: [INFO] BookmarkModelLoaded, ids_reassigned: 0
2026-09-04 08:36:48.030: [INFO] BookmarksLoadDropped droppedNodes=0
2026-09-04 08:36:48.030: [INFO] BookmarksSnapshot Startup total=0 bar=0 other=0 mobile=0 showBar=0 showBarNTP=1
2026-09-04 08:51:40.827: [INFO] CurrentProfilePath: D:\Chintan_wok\14july_2026_java\.metadata\.plugins\org.eclipse.swt\EBWebView\Default
2026-09-04 08:51:40.827: [INFO] Profiles total count: 1
2026-09-04 08:51:40.827: [INFO] Profile: name=Profile 1 path=D:\Chintan_wok\14july_2026_java\.metadata\.plugins\org.eclipse.swt\EBWebView\Default lastActive=2026-07-28T03:00:44.497Z
2026-09-04 08:51:40.827: [INFO] LastUsedProfileDir: D:\Chintan_wok\14july_2026_java\.metadata\.plugins\org.eclipse.swt\EBWebView\Default
2026-09-04 08:51:40.827: [INFO] MostRecentlyActiveProfile: name=Profile 1 path=D:\Chintan_wok\14july_2026_java\.metadata\.plugins\org.eclipse.swt\EBWebView\Default lastActive=2026-07-28T03:00:44.497Z
2026-09-04 08:51:40.827: [INFO] OnDoneLoading sync enabled: 0
2026-09-04 08:51:40.827: [INFO] BookmarkModelLoaded, ids_reassigned: 0
2026-09-04 08:51:40.827: [INFO] BookmarksLoadDropped droppedNodes=0
2026-09-04 08:51:40.827: [INFO] BookmarksSnapshot Startup total=0 bar=0 other=0 mobile=0 showBar=0 showBarNTP=1
2026-09-04 09:27:19.336: [INFO] BookmarksSnapshot Shutdown total=0 bar=0 other=0 mobile=0 showBar=0 showBarNTP=1
2026-09-04 09:49:00.114: [INFO] CurrentProfilePath: D:\Chintan_wok\14july_2026_java\.metadata\.plugins\org.eclipse.swt\EBWebView\Default
2026-09-04 09:49:00.115: [INFO] Profiles total count: 1
2026-09-04 09:49:00.115: [INFO] Profile: name=Profile 1 path=D:\Chintan_wok\14july_2026_java\.metadata\.plugins\org.eclipse.swt\EBWebView\Default lastActive=2026-07-28T03:00:44.497Z
2026-09-04 09:49:00.115: [INFO] LastUsedProfileDir: D:\Chintan_wok\14july_2026_java\.metadata\.plugins\org.eclipse.swt\EBWebView\Default
2026-09-04 09:49:00.115: [INFO] MostRecentlyActiveProfile: name=Profile 1 path=D:\Chintan_wok\14july_2026_java\.metadata\.plugins\org.eclipse.swt\EBWebView\Default lastActive=2026-07-28T03:00:44.497Z
2026-09-04 09:49:00.115: [INFO] OnDoneLoading sync enabled: 0
2026-09-04 09:49:00.115: [INFO] BookmarkModelLoaded, ids_reassigned: 0
2026-09-04 09:49:00.115: [INFO] BookmarksLoadDropped droppedNodes=0
2026-09-04 09:49:00.115: [INFO] BookmarksSnapshot Startup total=0 bar=0 other=0 mobile=0 showBar=0 showBarNTP=1
2026-09-04 10:00:47.092: [INFO] BookmarksSnapshot Shutdown total=0 bar=0 other=0 mobile=0 showBar=0 showBarNTP=1
2026-09-04 10:00:47.164: [INFO] CurrentProfilePath: D:\Chintan_wok\14july_2026_java\.metadata\.plugins\org.eclipse.swt\EBWebView\Default
2026-09-04 10:00:47.164: [INFO] Profiles total count: 1
2026-09-04 10:00:47.164: [INFO] Profile: name=Profile 1 path=D:\Chintan_wok\14july_2026_java\.metadata\.plugins\org.eclipse.swt\EBWebView\Default lastActive=2026-07-28T03:00:44.497Z
2026-09-04 10:00:47.164: [INFO] LastUsedProfileDir: D:\Chintan_wok\14july_2026_java\.metadata\.plugins\org.eclipse.swt\EBWebView\Default
2026-09-04 10:00:47.164: [INFO] MostRecentlyActiveProfile: name=Profile 1 path=D:\Chintan_wok\14july_2026_java\.metadata\.plugins\org.eclipse.swt\EBWebView\Default lastActive=2026-07-28T03:00:44.497Z
2026-09-04 10:00:47.164: [INFO] OnDoneLoading sync enabled: 0
2026-09-04 10:00:47.164: [INFO] BookmarkModelLoaded, ids_reassigned: 0
2026-09-04 10:00:47.164: [INFO] BookmarksLoadDropped droppedNodes=0
2026-09-04 10:00:47.164: [INFO] BookmarksSnapshot Startup total=0 bar=0 other=0 mobile=0 showBar=0 showBarNTP=1
2026-09-04 10:45:20.087: [INFO] BookmarksSnapshot Shutdown total=0 bar=0 other=0 mobile=0 showBar=0 showBarNTP=1
2026-09-05 02:52:27.142: [INFO] CurrentProfilePath: D:\Chintan_wok\14july_2026_java\.metadata\.plugins\org.eclipse.swt\EBWebView\Default
2026-09-05 02:52:27.142: [INFO] Profiles total count: 1
2026-09-05 02:52:27.142: [INFO] Profile: name=Profile 1 path=D:\Chintan_wok\14july_2026_java\.metadata\.plugins\org.eclipse.swt\EBWebView\Default lastActive=2026-07-28T03:00:44.497Z
2026-09-05 02:52:27.142: [INFO] LastUsedProfileDir: D:\Chintan_wok\14july_2026_java\.metadata\.plugins\org.eclipse.swt\EBWebView\Default
2026-09-05 02:52:27.142: [INFO] MostRecentlyActiveProfile: name=Profile 1 path=D:\Chintan_wok\14july_2026_java\.metadata\.plugins\org.eclipse.swt\EBWebView\Default lastActive=2026-07-28T03:00:44.497Z
2026-09-05 02:52:27.142: [INFO] OnDoneLoading sync enabled: 0
2026-09-05 02:52:27.142: [INFO] BookmarkModelLoaded, ids_reassigned: 0
2026-09-05 02:52:27.142: [INFO] BookmarksLoadDropped droppedNodes=0
2026-09-05 02:52:27.142: [INFO] BookmarksSnapshot Startup total=0 bar=0 other=0 mobile=0 showBar=0 showBarNTP=1
2026-09-05 02:52:28.851: [INFO] BookmarksSnapshot Shutdown total=0 bar=0 other=0 mobile=0 showBar=0 showBarNTP=1
2026-09-05 02:53:28.135: [INFO] CurrentProfilePath: D:\Chintan_wok\14july_2026_java\.metadata\.plugins\org.eclipse.swt\EBWebView\Default
2026-09-05 02:53:28.135: [INFO] Profiles total count: 1
2026-09-05 02:53:28.135: [INFO] Profile: name=Profile 1 path=D:\Chintan_wok\14july_2026_java\.metadata\.plugins\org.eclipse.swt\EBWebView\Default lastActive=2026-07-28T03:00:44.497Z
2026-09-05 02:53:28.135: [INFO] LastUsedProfileDir: D:\Chintan_wok\14july_2026_java\.metadata\.plugins\org.eclipse.swt\EBWebView\Default
2026-09-05 02:53:28.135: [INFO] MostRecentlyActiveProfile: name=Profile 1 path=D:\Chintan_wok\14july_2026_java\.metadata\.plugins\org.eclipse.swt\EBWebView\Default lastActive=2026-07-28T03:00:44.497Z
2026-09-05 02:53:28.135: [INFO] OnDoneLoading sync enabled: 0
2026-09-05 02:53:28.135: [INFO] BookmarkModelLoaded, ids_reassigned: 0
2026-09-05 02:53:28.135: [INFO] BookmarksLoadDropped droppedNodes=0
2026-09-05 02:53:28.135: [INFO] BookmarksSnapshot Startup total=0 bar=0 other=0 mobile=0 showBar=0 showBarNTP=1
2026-09-05 02:55:51.705: [INFO] BookmarksSnapshot Shutdown total=0 bar=0 other=0 mobile=0 showBar=0 showBarNTP=1
2026-09-05 02:56:47.136: [INFO] CurrentProfilePath: D:\Chintan_wok\14july_2026_java\.metadata\.plugins\org.eclipse.swt\EBWebView\Default
2026-09-05 02:56:47.136: [INFO] Profiles total count: 1
2026-09-05 02:56:47.136: [INFO] Profile: name=Profile 1 path=D:\Chintan_wok\14july_2026_java\.metadata\.plugins\org.eclipse.swt\EBWebView\Default lastActive=2026-07-28T03:00:44.497Z
2026-09-05 02:56:47.136: [INFO] LastUsedProfileDir: D:\Chintan_wok\14july_2026_java\.metadata\.plugins\org.eclipse.swt\EBWebView\Default
2026-09-05 02:56:47.136: [INFO] MostRecentlyActiveProfile: name=Profile 1 path=D:\Chintan_wok\14july_2026_java\.metadata\.plugins\org.eclipse.swt\EBWebView\Default lastActive=2026-07-28T03:00:44.497Z
2026-09-05 02:56:47.136: [INFO] OnDoneLoading sync enabled: 0
2026-09-05 02:56:47.136: [INFO] BookmarkModelLoaded, ids_reassigned: 0
2026-09-05 02:56:47.136: [INFO] BookmarksLoadDropped droppedNodes=0
2026-09-05 02:56:47.136: [INFO] BookmarksSnapshot Startup total=0 bar=0 other=0 mobile=0 showBar=0 showBarNTP=1
2026-09-05 03:21:52.129: [INFO] BookmarksSnapshot Shutdown total=0 bar=0 other=0 mobile=0 showBar=0 showBarNTP=1
2026-09-05 03:29:59.009: [INFO] CurrentProfilePath: D:\Chintan_wok\14july_2026_java\.metadata\.plugins\org.eclipse.swt\EBWebView\Default
2026-09-05 03:29:59.009: [INFO] Profiles total count: 1
2026-09-05 03:29:59.009: [INFO] Profile: name=Profile 1 path=D:\Chintan_wok\14july_2026_java\.metadata\.plugins\org.eclipse.swt\EBWebView\Default lastActive=2026-07-28T03:00:44.497Z
2026-09-05 03:29:59.009: [INFO] LastUsedProfileDir: D:\Chintan_wok\14july_2026_java\.metadata\.plugins\org.eclipse.swt\EBWebView\Default
2026-09-05 03:29:59.009: [INFO] MostRecentlyActiveProfile: name=Profile 1 path=D:\Chintan_wok\14july_2026_java\.metadata\.plugins\org.eclipse.swt\EBWebView\Default lastActive=2026-07-28T03:00:44.497Z
2026-09-05 03:29:59.009: [INFO] OnDoneLoading sync enabled: 0
2026-09-05 03:29:59.009: [INFO] BookmarkModelLoaded, ids_reassigned: 0
2026-09-05 03:29:59.009: [INFO] BookmarksLoadDropped droppedNodes=0
2026-09-05 03:29:59.009: [INFO] BookmarksSnapshot Startup total=0 bar=0 other=0 mobile=0 showBar=0 showBarNTP=1
2026-09-05 03:39:03.692: [INFO] BookmarksSnapshot Shutdown total=0 bar=0 other=0 mobile=0 showBar=0 showBarNTP=1
2026-09-07 09:12:47.959: [INFO] CurrentProfilePath: D:\Chintan_wok\14july_2026_java\.metadata\.plugins\org.eclipse.swt\EBWebView\Default
2026-09-07 09:12:47.959: [INFO] Profiles total count: 1
2026-09-07 09:12:47.959: [INFO] Profile: name=Profile 1 path=D:\Chintan_wok\14july_2026_java\.metadata\.plugins\org.eclipse.swt\EBWebView\Default lastActive=2026-07-28T03:00:44.497Z
2026-09-07 09:12:47.959: [INFO] LastUsedProfileDir: D:\Chintan_wok\14july_2026_java\.metadata\.plugins\org.eclipse.swt\EBWebView\Default
2026-09-07 09:12:47.959: [INFO] MostRecentlyActiveProfile: name=Profile 1 path=D:\Chintan_wok\14july_2026_java\.metadata\.plugins\org.eclipse.swt\EBWebView\Default lastActive=2026-07-28T03:00:44.497Z
2026-09-07 09:12:47.959: [INFO] OnDoneLoading sync enabled: 0
2026-09-07 09:12:47.959: [INFO] BookmarkModelLoaded, ids_reassigned: 0
2026-09-07 09:12:47.959: [INFO] BookmarksLoadDropped droppedNodes=0
2026-09-07 09:12:47.959: [INFO] BookmarksSnapshot Startup total=0 bar=0 other=0 mobile=0 showBar=0 showBarNTP=1
2026-09-07 09:48:46.247: [INFO] BookmarksSnapshot Shutdown total=0 bar=0 other=0 mobile=0 showBar=0 showBarNTP=1
2026-09-07 09:49:55.506: [INFO] CurrentProfilePath: D:\Chintan_wok\14july_2026_java\.metadata\.plugins\org.eclipse.swt\EBWebView\Default
2026-09-07 09:49:55.506: [INFO] Profiles total count: 1
2026-09-07 09:49:55.506: [INFO] Profile: name=Profile 1 path=D:\Chintan_wok\14july_2026_java\.metadata\.plugins\org.eclipse.swt\EBWebView\Default lastActive=2026-07-28T03:00:44.497Z
2026-09-07 09:49:55.506: [INFO] LastUsedProfileDir: D:\Chintan_wok\14july_2026_java\.metadata\.plugins\org.eclipse.swt\EBWebView\Default
2026-09-07 09:49:55.506: [INFO] MostRecentlyActiveProfile: name=Profile 1 path=D:\Chintan_wok\14july_2026_java\.metadata\.plugins\org.eclipse.swt\EBWebView\Default lastActive=2026-07-28T03:00:44.497Z
2026-09-07 09:49:55.506: [INFO] OnDoneLoading sync enabled: 0
2026-09-07 09:49:55.506: [INFO] BookmarkModelLoaded, ids_reassigned: 0
2026-09-07 09:49:55.506: [INFO] BookmarksLoadDropped droppedNodes=0
2026-09-07 09:49:55.506: [INFO] BookmarksSnapshot Startup total=0 bar=0 other=0 mobile=0 showBar=0 showBarNTP=1
2026-09-07 09:51:20.078: [INFO] BookmarksSnapshot Shutdown total=0 bar=0 other=0 mobile=0 showBar=0 showBarNTP=1
2026-09-07 09:51:20.150: [INFO] CurrentProfilePath: D:\Chintan_wok\14july_2026_java\.metadata\.plugins\org.eclipse.swt\EBWebView\Default
2026-09-07 09:51:20.150: [INFO] Profiles total count: 1
2026-09-07 09:51:20.151: [INFO] Profile: name=Profile 1 path=D:\Chintan_wok\14july_2026_java\.metadata\.plugins\org.eclipse.swt\EBWebView\Default lastActive=2026-07-28T03:00:44.497Z
2026-09-07 09:51:20.151: [INFO] LastUsedProfileDir: D:\Chintan_wok\14july_2026_java\.metadata\.plugins\org.eclipse.swt\EBWebView\Default
2026-09-07 09:51:20.151: [INFO] MostRecentlyActiveProfile: name=Profile 1 path=D:\Chintan_wok\14july_2026_java\.metadata\.plugins\org.eclipse.swt\EBWebView\Default lastActive=2026-07-28T03:00:44.497Z
2026-09-07 09:51:20.151: [INFO] OnDoneLoading sync enabled: 0
2026-09-07 09:51:20.151: [INFO] BookmarkModelLoaded, ids_reassigned: 0
2026-09-07 09:51:20.151: [INFO] BookmarksLoadDropped droppedNodes=0
2026-09-07 09:51:20.151: [INFO] BookmarksSnapshot Startup total=0 bar=0 other=0 mobile=0 showBar=0 showBarNTP=1
2026-09-07 09:53:09.892: [INFO] BookmarksSnapshot Shutdown total=0 bar=0 other=0 mobile=0 showBar=0 showBarNTP=1
